TPM: error opening: stat /dev/tpmrm0: no such file or directory
2026/09/27 19:55:37 You have disabled logging. Tailscale will not be able to provide support.
2026/09/27 19:55:37 Program starting: v1.102.4-t3caf7d9e7-g084ee3b64, Go 1.26.6: []string{"tailscaled", "--no-logs-no-support", "--state=/workspace/.tailscale_state/tailscaled.state", "--socket=/workspace/.tailscale_state/tailscaled.sock"}
2026/09/27 19:55:37 LogID: 4bc8217d0c756b6a5b730a74c7564a4141f8f62f9429cf78717bcdcd980edcaf
2026/09/27 19:55:37 logpolicy: using system state directory "/workspace/.local/share/tailscale"
2026/09/27 19:55:37 dns: [rc=unknown ret=direct]
2026/09/27 19:55:37 dns: using "direct" mode
2026/09/27 19:55:37 dns: using *dns.directManager
2026/09/27 19:55:37 dns: inotify: NewDirWatcher: context canceled
2026/09/27 19:55:37 router: enumerating tailscale0 addresses for cleanup failed: failed to look up link "tailscale0": Link not found
2026/09/27 19:55:37 wgengine.NewUserspaceEngine(tun "tailscale0") ...
2026/09/27 19:55:37 dns: [rc=unknown ret=direct]
2026/09/27 19:55:37 dns: using "direct" mode
2026/09/27 19:55:37 dns: using *dns.directManager
2026/09/27 19:55:37 link state: interfaces.State{defaultRoute=eth0 ifs={eth0:[192.168.18.8/24 2001:1284:f514:63bd:8c3d:4120:3261:9c6/64 llu6]} v4=true v6=true}
2026/09/27 19:55:37 router: portUpdate(port=45804, network=udp6)
2026/09/27 19:55:37 router: using firewall mode pref 
2026/09/27 19:55:37 magicsock: [warning] failed to force-set UDP read buffer size to 7340032: operation not permitted; using kernel default values (impacts throughput only)
2026/09/27 19:55:37 magicsock: [warning] failed to force-set UDP write buffer size to 7340032: operation not permitted; using kernel default values (impacts throughput only)
2026/09/27 19:55:37 magicsock: [warning] failed to force-set UDP read buffer size to 7340032: operation not permitted; using kernel default values (impacts throughput only)
2026/09/27 19:55:37 magicsock: [warning] failed to force-set UDP write buffer size to 7340032: operation not permitted; using kernel default values (impacts throughput only)
2026/09/27 19:55:37 magicsock: disco key = d:dae9f7872b74dac9
2026/09/27 19:55:37 Creating WireGuard device...
2026/09/27 19:55:37 Bringing WireGuard device up...
2026/09/27 19:55:37 Bringing router up...
2026/09/27 19:55:37 external route: up
2026/09/27 19:55:37 router: default choosing iptables
2026/09/27 19:55:37 router: netfilter running in iptables mode v6 = true, v6filter = true, v6nat = true
2026/09/27 19:55:37 router: portUpdate(port=35661, network=udp4)
2026/09/27 19:55:37 Clearing router settings...
2026/09/27 19:55:37 Starting network monitor...
2026/09/27 19:55:37 Engine created.
2026/09/27 19:55:37 monitor: gateway and self IP changed: gw=192.168.18.1 self=192.168.18.8
2026/09/27 19:55:37 pm: using backend prefs for "profile-0877": Prefs{ra=true dns=true want=true routes=[] statefulFiltering=false nf=on host="systech-control" update=check Persist{o=, n=[Hpvf4] u="systech.cwb@gmail.com" ak=-}}
2026/09/27 19:55:37 envknob: TS_NO_LOGS_NO_SUPPORT="true"
2026/09/27 19:55:37 logpolicy: using system state directory "/workspace/.local/share/tailscale"
2026/09/27 19:55:37 linkChange: in state NoState; PAC or proxyConfig changed; updating routes
2026/09/27 19:55:37 got LocalBackend in 227ms
2026/09/27 19:55:37 Start
2026/09/27 19:55:37 ipnext: "conn25": skipping extension
2026/09/27 19:55:37 taildrop: Taildrop disabled; no state directory
2026/09/27 19:55:37 taildrop: no Taildrop directory configured
2026/09/27 19:55:37 ipnext: active extensions: captiveportal, acme, portlist, posture, clientupdate, relayserver, routecheck, serviceclientprefs, taildrop
2026/09/27 19:55:37 profile data directory: profile local data storage unavailable
2026/09/27 19:55:37 cannot fetch existing TKA state; no state directory for tailnet-lock
2026/09/27 19:55:37 Backend: logs: be:4bc8217d0c756b6a5b730a74c7564a4141f8f62f9429cf78717bcdcd980edcaf fe:
2026/09/27 19:55:37 control: client.Login(0)
2026/09/27 19:55:37 control: doLogin(regen=false, hasUrl=false)
2026/09/27 19:55:37 health(warnable=warming-up): error: Tailscale is starting. Please wait.
2026/09/27 19:55:38 control: control server key from https://controlplane.tailscale.com: ts2021=[fSeS+], legacy=[nlFWp]
2026/09/27 19:55:38 control: RegisterReq: onode= node=[Hpvf4] fup=false nks=false
2026/09/27 19:55:39 control: RegisterReq: got response; nodeKeyExpired=false, machineAuthorized=true; authURL=false
2026/09/27 19:55:39 cannot fetch existing TKA state; no state directory for tailnet-lock
2026/09/27 19:55:39 control: netmap: got new dial plan from control
2026/09/27 19:55:39 cannot fetch existing TKA state; no state directory for tailnet-lock
2026/09/27 19:55:39 magicsock: new contact: control-netmap usec=1831281 cached=false
2026/09/27 19:55:39 active login: systech.cwb@gmail.com
2026/09/27 19:55:39 netmap: suggested exit node: no preferred DERP, try again later
2026/09/27 19:55:39 Switching ipn state NoState -> Starting (WantRunning=true, nm=true)
2026/09/27 19:55:39 magicsock: SetPrivateKey called (init)
2026/09/27 19:55:39 wgengine: Reconfig: configuring router
2026/09/27 19:55:39 monitor: RTM_NEWROUTE: src=, dst=10.10.10.0/24, gw=, outif=3, table=52
2026/09/27 19:55:39 router: enabling connmark-based rp_filter workaround
2026/09/27 19:55:39 router: warning: failed to enable src_valid_mark: sysctl(net.ipv4.conf.all.src_valid_mark=1): open /proc/sys/net/ipv4/conf/all/src_valid_mark: read-only file system
2026/09/27 19:55:39 wgengine: Reconfig: user dialer
2026/09/27 19:55:39 tsdial: bart table size: 5
2026/09/27 19:55:39 wgengine: Reconfig: configuring DNS
2026/09/27 19:55:39 dns: Set: {DefaultResolvers:[] Routes:{tailb7481.ts.net.:[] ts.net.:[199.247.155.53 2620:111:8007::53]}+65arpa SearchDomains:[tailb7481.ts.net.] Hosts:0}
2026/09/27 19:55:39 dns: Resolvercfg: {Routes:{.:[169.254.1.1 192.168.18.1] ts.net.:[199.247.155.53 2620:111:8007::53]} Hosts:0 LocalDomains:[tailb7481.ts.net.]+65arpa}
2026/09/27 19:55:39 dns: OScfg: {Nameservers:[100.100.100.100 fd7a:115c:a1e0::53] SearchDomains:[tailb7481.ts.net.] }
2026/09/27 19:55:39 rename of "/etc/resolv.conf" to "/etc/resolv.pre-tailscale-backup.conf" failed (rename /etc/resolv.conf /etc/resolv.pre-tailscale-backup.conf: permission denied), falling back to copy+delete
2026/09/27 19:55:39 health(warnable=dns-set-os-config-failed): error: Tailscale failed to set the DNS configuration of your device: writing to "/etc/resolv.pre-tailscale-backup.conf" in rename of "/etc/resolv.conf": open /etc/resolv.pre-tailscale-backup.conf: permission denied
2026/09/27 19:55:39 peerapi: serving on http://100.97.171.2:64523
2026/09/27 19:55:39 peerapi: serving on http://[fd7a:115c:a1e0::9137:ab03]:40607
2026/09/27 19:55:39 health(warnable=dns): error: writing to "/etc/resolv.pre-tailscale-backup.conf" in rename of "/etc/resolv.conf": open /etc/resolv.pre-tailscale-backup.conf: permission denied
2026/09/27 19:55:40 localapi: [POST] /localapi/v0/check-prefs
2026/09/27 19:55:40 localapi: [POST] /localapi/v0/start
2026/09/27 19:55:40 control: client.Shutdown ...
2026/09/27 19:55:40 control: updateRoutine: exiting
2026/09/27 19:55:40 control: authRoutine: exiting
2026/09/27 19:55:40 control: mapRoutine: exiting
2026/09/27 19:55:40 control: Client.Shutdown done.
2026/09/27 19:55:40 Start
2026/09/27 19:55:40 Start: updated prefs: Prefs{ra=true dns=true want=true routes=[] statefulFiltering=false nf=on host="systech-control" update=check Persist{o=, n=[Hpvf4] u="systech.cwb@gmail.com" ak=-}}, reason: [opts.UpdatePrefs]
2026/09/27 19:55:40 taildrop: Taildrop disabled; no state directory
2026/09/27 19:55:40 taildrop: no Taildrop directory configured
2026/09/27 19:55:40 profile data directory: profile local data storage unavailable
2026/09/27 19:55:40 cannot fetch existing TKA state; no state directory for tailnet-lock
2026/09/27 19:55:40 Backend: logs: be:4bc8217d0c756b6a5b730a74c7564a4141f8f62f9429cf78717bcdcd980edcaf fe:
2026/09/27 19:55:40 control: client.Login(0)
2026/09/27 19:55:40 Switching ipn state NoState -> Starting (WantRunning=true, nm=true)
2026/09/27 19:55:40 control: doLogin(regen=false, hasUrl=false)
2026/09/27 19:55:40 netcheck: DetectCaptivePortal(found=false)
2026/09/27 19:55:40 magicsock: home DERP changing from derp-0 [0ms] to derp-11 [18ms] (forced=false)
2026/09/27 19:55:40 magicsock: home is now derp-11 (sao)
2026/09/27 19:55:40 magicsock: endpoints changed: 177.220.177.241:4076 (stun), [2001:1284:f514:63bd:8c3d:4120:3261:9c6]:45804 (stun), 192.168.18.8:35661 (local), [2001:1284:f514:63bd:8c3d:4120:3261:9c6]:35661 (local)
2026/09/27 19:55:40 update netmap cache: profile local data storage unavailable
2026/09/27 19:55:40 magicsock: adding connection to derp-11 for home-keep-alive
2026/09/27 19:55:40 magicsock: 1 active derp conns: derp-11=cr0s,wr0s
2026/09/27 19:55:40 control: NetInfo: NetInfo{varies=false ipv6=true ipv6os=true udp=true icmpv4=false derp=#11 portmap= link="" firewallmode="ipt-default"}
2026/09/27 19:55:40 derphttp.Client.Connect: connecting to derp-11 (sao)
2026/09/27 19:55:40 Switching ipn state Starting -> Running (WantRunning=true, nm=true)
2026/09/27 19:55:40 health(warnable=warming-up): ok
2026/09/27 19:55:40 magicsock: derp-11 connected; connGen=1
2026/09/27 19:55:41 control: control server key from https://controlplane.tailscale.com: ts2021=[fSeS+], legacy=[nlFWp]
2026/09/27 19:55:41 control: RegisterReq: onode= node=[Hpvf4] fup=false nks=false
2026/09/27 19:55:41 control: controlhttp: forcing port 443 dial due to recent noise dial
2026/09/27 19:55:41 control: RegisterReq: got response; nodeKeyExpired=false, machineAuthorized=true; authURL=false
2026/09/27 19:55:41 cannot fetch existing TKA state; no state directory for tailnet-lock
2026/09/27 19:55:41 [RATELIMIT] format("cannot fetch existing TKA state; no state directory for tailnet-lock")
2026/09/27 19:55:42 control: netmap: got new dial plan from control
2026/09/27 19:55:42 using tailnet default auto-update setting: false
2026/09/27 19:55:42 EditPrefs: MaskedPrefs{AutoUpdate={Apply=false}}
2026/09/27 19:55:42 taildrop: Taildrop disabled; no state directory
2026/09/27 19:55:42 taildrop: no Taildrop directory configured
2026/09/28 08:25:02 control: sleeping for server-requested 4.121918672s ...
2026/09/28 08:25:06 [RATELIMIT] format("cannot fetch existing TKA state; no state directory for tailnet-lock") (1 dropped)
2026/09/28 08:25:06 cannot fetch existing TKA state; no state directory for tailnet-lock
2026/09/28 08:26:53 control: netmap: got new dial plan from control
2026/09/28 08:26:53 cannot fetch existing TKA state; no state directory for tailnet-lock
2026/09/28 09:04:01 magicsock: disco: node [7pBLK] d:a92cca80e60bbe0c now using 192.168.18.100:41641 mtu=1360 tx=3ed5de42324c
2026/09/28 09:04:01 magicsock: new contact: peer=[7pBLK] usec=47303653110 cached=false via=direct
2026/09/28 09:04:02 netcheck: DetectCaptivePortal(found=false)
2026/09/28 09:04:02 magicsock: endpoints changed: 177.220.177.241:3927 (stun), [2001:1284:f514:63bd:8c3d:4120:3261:9c6]:45804 (stun), 192.168.18.8:35661 (local), [2001:1284:f514:63bd:8c3d:4120:3261:9c6]:35661 (local)
