TPM: error opening: stat /dev/tpmrm0: no such file or directory
2026/09/30 09:22:17 You have disabled logging. Tailscale will not be able to provide support.
2026/09/30 09:22:17 Program starting: v1.102.4-t3caf7d9e7-g084ee3b64, Go 1.26.6: []string{"tailscaled", "--no-logs-no-support", "--state=/workspace/.tailscale_state/tailscaled.state", "--socket=/workspace/.tailscale_state/tailscaled.sock"}
2026/09/30 09:22:17 LogID: 2836fe18fe7c63b17b76f86cdb58e8e6c24957acdba8916f0973aa1e8960f2e9
2026/09/30 09:22:17 logpolicy: using system state directory "/workspace/.local/share/tailscale"
2026/09/30 09:22:17 dns: [rc=unknown ret=direct]
2026/09/30 09:22:17 dns: using "direct" mode
2026/09/30 09:22:17 dns: using *dns.directManager
2026/09/30 09:22:17 dns: inotify: NewDirWatcher: context canceled
2026/09/30 09:22:17 router: enumerating tailscale0 addresses for cleanup failed: failed to look up link "tailscale0": Link not found
2026/09/30 09:22:17 wgengine.NewUserspaceEngine(tun "tailscale0") ...
2026/09/30 09:22:17 dns: [rc=unknown ret=direct]
2026/09/30 09:22:17 dns: using "direct" mode
2026/09/30 09:22:17 dns: using *dns.directManager
2026/09/30 09:22:17 link state: interfaces.State{defaultRoute=eth0 ifs={eth0:[192.168.18.8/24 2001:1284:f514:90ba:6d20:e800:20b5:fb93/64 llu6]} v4=true v6=true}
2026/09/30 09:22:17 magicsock: [warning] failed to force-set UDP read buffer size to 7340032: operation not permitted; using kernel default values (impacts throughput only)
2026/09/30 09:22:17 magicsock: [warning] failed to force-set UDP write buffer size to 7340032: operation not permitted; using kernel default values (impacts throughput only)
2026/09/30 09:22:17 router: portUpdate(port=40187, network=udp6)
2026/09/30 09:22:17 router: using firewall mode pref 
2026/09/30 09:22:17 magicsock: [warning] failed to force-set UDP read buffer size to 7340032: operation not permitted; using kernel default values (impacts throughput only)
2026/09/30 09:22:17 magicsock: [warning] failed to force-set UDP write buffer size to 7340032: operation not permitted; using kernel default values (impacts throughput only)
2026/09/30 09:22:17 magicsock: disco key = d:f79228e65d72ba15
2026/09/30 09:22:17 Creating WireGuard device...
2026/09/30 09:22:17 Bringing WireGuard device up...
2026/09/30 09:22:17 Bringing router up...
2026/09/30 09:22:17 external route: up
2026/09/30 09:22:18 router: default choosing iptables
2026/09/30 09:22:18 router: netfilter running in iptables mode v6 = true, v6filter = true, v6nat = true
2026/09/30 09:22:18 router: portUpdate(port=36375, network=udp4)
2026/09/30 09:22:18 Clearing router settings...
2026/09/30 09:22:18 Starting network monitor...
2026/09/30 09:22:18 Engine created.
2026/09/30 09:22:18 monitor: gateway and self IP changed: gw=192.168.18.1 self=192.168.18.8
2026/09/30 09:22:18 pm: using backend prefs for "profile-a032": Prefs{ra=true dns=true want=true routes=[] statefulFiltering=false nf=on host="k8s-control" update=check Persist{o=, n=[ejAX5] u="systech.cwb@gmail.com" ak=-}}
2026/09/30 09:22:18 envknob: TS_NO_LOGS_NO_SUPPORT="true"
2026/09/30 09:22:18 logpolicy: using system state directory "/workspace/.local/share/tailscale"
2026/09/30 09:22:18 linkChange: in state NoState; PAC or proxyConfig changed; updating routes
2026/09/30 09:22:18 got LocalBackend in 108ms
2026/09/30 09:22:18 Start
2026/09/30 09:22:18 ipnext: "conn25": skipping extension
2026/09/30 09:22:18 taildrop: Taildrop disabled; no state directory
2026/09/30 09:22:18 taildrop: no Taildrop directory configured
2026/09/30 09:22:18 ipnext: active extensions: captiveportal, acme, portlist, posture, clientupdate, relayserver, routecheck, serviceclientprefs, taildrop
2026/09/30 09:22:18 profile data directory: profile local data storage unavailable
2026/09/30 09:22:18 cannot fetch existing TKA state; no state directory for tailnet-lock
2026/09/30 09:22:18 Backend: logs: be:2836fe18fe7c63b17b76f86cdb58e8e6c24957acdba8916f0973aa1e8960f2e9 fe:
2026/09/30 09:22:18 control: client.Login(0)
2026/09/30 09:22:18 control: doLogin(regen=false, hasUrl=false)
2026/09/30 09:22:18 health(warnable=warming-up): error: Tailscale is starting. Please wait.
2026/09/30 09:22:18 control: control server key from https://controlplane.tailscale.com: ts2021=[fSeS+], legacy=[nlFWp]
2026/09/30 09:22:18 control: RegisterReq: onode= node=[ejAX5] fup=false nks=false
2026/09/30 09:22:19 control: RegisterReq: got response; nodeKeyExpired=false, machineAuthorized=true; authURL=false
2026/09/30 09:22:19 cannot fetch existing TKA state; no state directory for tailnet-lock
2026/09/30 09:22:19 control: netmap: got new dial plan from control
2026/09/30 09:22:19 cannot fetch existing TKA state; no state directory for tailnet-lock
2026/09/30 09:22:19 magicsock: new contact: control-netmap usec=1671604 cached=false
2026/09/30 09:22:19 active login: systech.cwb@gmail.com
2026/09/30 09:22:19 netmap: suggested exit node: no preferred DERP, try again later
2026/09/30 09:22:19 Switching ipn state NoState -> Starting (WantRunning=true, nm=true)
2026/09/30 09:22:19 magicsock: SetPrivateKey called (init)
2026/09/30 09:22:19 wgengine: Reconfig: configuring router
2026/09/30 09:22:19 monitor: RTM_NEWROUTE: src=, dst=10.10.10.0/24, gw=, outif=3, table=52
2026/09/30 09:22:19 router: enabling connmark-based rp_filter workaround
2026/09/30 09:22:19 router: warning: failed to enable src_valid_mark: sysctl(net.ipv4.conf.all.src_valid_mark=1): open /proc/sys/net/ipv4/conf/all/src_valid_mark: read-only file system
2026/09/30 09:22:19 wgengine: Reconfig: user dialer
2026/09/30 09:22:19 tsdial: bart table size: 5
2026/09/30 09:22:19 wgengine: Reconfig: configuring DNS
2026/09/30 09:22:19 dns: Set: {DefaultResolvers:[] Routes:{tailb7481.ts.net.:[] ts.net.:[199.247.155.53 2620:111:8007::53]}+65arpa SearchDomains:[tailb7481.ts.net.] Hosts:0}
2026/09/30 09:22:19 dns: Resolvercfg: {Routes:{.:[169.254.1.1 192.168.18.1] ts.net.:[199.247.155.53 2620:111:8007::53]} Hosts:0 LocalDomains:[tailb7481.ts.net.]+65arpa}
2026/09/30 09:22:19 dns: OScfg: {Nameservers:[100.100.100.100 fd7a:115c:a1e0::53] SearchDomains:[tailb7481.ts.net.] }
2026/09/30 09:22:19 rename of "/etc/resolv.conf" to "/etc/resolv.pre-tailscale-backup.conf" failed (rename /etc/resolv.conf /etc/resolv.pre-tailscale-backup.conf: permission denied), falling back to copy+delete
2026/09/30 09:22:19 health(warnable=dns-set-os-config-failed): error: Tailscale failed to set the DNS configuration of your device: writing to "/etc/resolv.pre-tailscale-backup.conf" in rename of "/etc/resolv.conf": open /etc/resolv.pre-tailscale-backup.conf: permission denied
2026/09/30 09:22:19 peerapi: serving on http://100.98.24.119:47770
2026/09/30 09:22:19 peerapi: serving on http://[fd7a:115c:a1e0::7837:1878]:52048
2026/09/30 09:22:19 health(warnable=dns): error: writing to "/etc/resolv.pre-tailscale-backup.conf" in rename of "/etc/resolv.conf": open /etc/resolv.pre-tailscale-backup.conf: permission denied
2026/09/30 09:22:19 localapi: [POST] /localapi/v0/check-prefs
2026/09/30 09:22:19 localapi: [POST] /localapi/v0/start
2026/09/30 09:22:19 control: client.Shutdown ...
2026/09/30 09:22:19 control: authRoutine: exiting
2026/09/30 09:22:19 control: mapRoutine: exiting
2026/09/30 09:22:19 control: updateRoutine: exiting
2026/09/30 09:22:19 control: Client.Shutdown done.
2026/09/30 09:22:19 Start
2026/09/30 09:22:19 Start: updated prefs: Prefs{ra=true dns=true want=true routes=[] statefulFiltering=false nf=on host="k8s-control" update=check Persist{o=, n=[ejAX5] u="systech.cwb@gmail.com" ak=-}}, reason: [opts.UpdatePrefs]
2026/09/30 09:22:19 taildrop: Taildrop disabled; no state directory
2026/09/30 09:22:19 taildrop: no Taildrop directory configured
2026/09/30 09:22:19 profile data directory: profile local data storage unavailable
2026/09/30 09:22:19 cannot fetch existing TKA state; no state directory for tailnet-lock
2026/09/30 09:22:19 Backend: logs: be:2836fe18fe7c63b17b76f86cdb58e8e6c24957acdba8916f0973aa1e8960f2e9 fe:
2026/09/30 09:22:19 control: client.Login(0)
2026/09/30 09:22:19 Switching ipn state NoState -> Starting (WantRunning=true, nm=true)
2026/09/30 09:22:19 control: doLogin(regen=false, hasUrl=false)
2026/09/30 09:22:20 netcheck: DetectCaptivePortal(found=false)
2026/09/30 09:22:20 magicsock: home DERP changing from derp-0 [0ms] to derp-11 [12ms] (forced=false)
2026/09/30 09:22:20 magicsock: home is now derp-11 (sao)
2026/09/30 09:22:20 update netmap cache: profile local data storage unavailable
2026/09/30 09:22:20 magicsock: adding connection to derp-11 for home-keep-alive
2026/09/30 09:22:20 magicsock: 1 active derp conns: derp-11=cr0s,wr0s
2026/09/30 09:22:20 derphttp.Client.Connect: connecting to derp-11 (sao)
2026/09/30 09:22:20 control: NetInfo: NetInfo{varies=false ipv6=true ipv6os=true udp=true icmpv4=false derp=#11 portmap= link="" firewallmode="ipt-default"}
2026/09/30 09:22:20 magicsock: endpoints changed: 177.92.48.74:13208 (stun), [2001:1284:f514:90ba:6d20:e800:20b5:fb93]:40187 (stun), 192.168.18.8:36375 (local), [2001:1284:f514:90ba:6d20:e800:20b5:fb93]:36375 (local)
2026/09/30 09:22:20 Switching ipn state Starting -> Running (WantRunning=true, nm=true)
2026/09/30 09:22:20 health(warnable=warming-up): ok
2026/09/30 09:22:20 magicsock: derp-11 connected; connGen=1
2026/09/30 09:22:20 control: control server key from https://controlplane.tailscale.com: ts2021=[fSeS+], legacy=[nlFWp]
2026/09/30 09:22:20 control: RegisterReq: onode= node=[ejAX5] fup=false nks=false
2026/09/30 09:22:20 control: controlhttp: forcing port 443 dial due to recent noise dial
2026/09/30 09:22:21 control: RegisterReq: got response; nodeKeyExpired=false, machineAuthorized=true; authURL=false
2026/09/30 09:22:21 cannot fetch existing TKA state; no state directory for tailnet-lock
2026/09/30 09:22:21 [RATELIMIT] format("cannot fetch existing TKA state; no state directory for tailnet-lock")
2026/09/30 09:22:21 control: netmap: got new dial plan from control
2026/09/30 09:22:21 using tailnet default auto-update setting: false
2026/09/30 09:22:21 EditPrefs: MaskedPrefs{AutoUpdate={Apply=false}}
2026/09/30 09:22:21 taildrop: Taildrop disabled; no state directory
2026/09/30 09:22:21 taildrop: no Taildrop directory configured
2026/09/30 09:22:41 magicsock: disco: node [7pBLK] d:a92cca80e60bbe0c now using 192.168.18.100:41641 mtu=1360 tx=89c57be6f7bb
2026/09/30 09:22:41 magicsock: new contact: peer=[7pBLK] usec=23711571 cached=false via=direct
2026/09/30 09:27:47 magicsock: disco: node [7pBLK] d:a92cca80e60bbe0c now using 10.10.10.1:41641 mtu=1360 tx=0c96f895423d
2026/09/30 09:27:48 netcheck: DetectCaptivePortal(found=false)
2026/09/30 09:27:49 magicsock: disco: node [7pBLK] d:a92cca80e60bbe0c now using 192.168.18.100:41641 mtu=1360 tx=4addab1cd2d2
2026/09/30 09:30:09 magicsock: disco: node [7pBLK] d:a92cca80e60bbe0c now using 10.10.10.1:41641 mtu=1360 tx=75fbf3b7f0cc
2026/09/30 09:31:07 magicsock: disco: node [7pBLK] d:a92cca80e60bbe0c now using 192.168.18.100:41641 mtu=1360 tx=4d49e7b067e8
2026/09/30 09:32:53 netcheck: DetectCaptivePortal(found=false)
2026/09/30 09:38:00 netcheck: DetectCaptivePortal(found=false)
