
PLAY [J03 | Crear usuario corporativo] *****************************************

TASK [Crear usuario sysadmin-junior] *******************************************
changed: [admin01]
changed: [web01]
changed: [client01]

TASK [Configurar sudo sin password] ********************************************
ok: [web01]
ok: [admin01]
ok: [client01]

PLAY [J03 | Configuración inicial y randomización] *****************************

TASK [1. Cargar catálogos de red J03] ******************************************
ok: [admin01]

TASK [2. Resolver variables de conectividad (puerto, interface, IP...)] ********
included: /home/jensy/Labs/scenarios/junior/J03/vars/resolve.yml for admin01

TASK [Seleccionar elementos aleatorios de conectividad J03] ********************
ok: [admin01]

TASK [Resolver variables globales de red (configuración)] **********************
ok: [admin01]

TASK [Resolver variables globales de red (URLs y comandos)] ********************
ok: [admin01]

TASK [Seleccionar variante del incidente de conectividad] **********************
ok: [admin01]

TASK [Marcar resolución J03 completada] ****************************************
ok: [admin01]

TASK [3. Cargar datos del ticket específico] ***********************************
ok: [admin01]

TASK [4. Publicar variante global] *********************************************
ok: [admin01]

PLAY [J03 | Propagar variables globales de red] ********************************

TASK [Gathering Facts] *********************************************************
ok: [web01]
ok: [admin01]
ok: [client01]

TASK [Sincronizar variables DESDE admin01] *************************************
skipping: [admin01]
ok: [web01]
ok: [client01]

PLAY [J03 | Crear baseline FUNCIONAL en web01] *********************************

TASK [Gathering Facts] *********************************************************
ok: [web01]

TASK [Instalar servicio web según variante] ************************************
ok: [web01]

TASK [Asegurar puerto libre antes de configurar] *******************************
changed: [web01]

TASK [Configurar puerto nginx (8080)] ******************************************
ok: [web01]

TASK [Configurar puerto httpd (8080)] ******************************************
skipping: [web01]

TASK [Crear página de prueba para baseline] ************************************
ok: [web01]

TASK [Asegurar permisos página de prueba] **************************************
ok: [web01]

TASK [Iniciar y habilitar servicio web] ****************************************
changed: [web01]

TASK [Configurar IP correcta 192.168.122.22/24 (baseline)] *********************
changed: [web01]

TASK [Activar interfaz de red] *************************************************
changed: [web01]

TASK [Abrir puerto en firewalld (baseline FUNCIONAL)] **************************
changed: [web01]

TASK [Alternativa - Abrir servicio firewalld] **********************************
changed: [web01]

TASK [Verificar conectividad baseline DESDE client01] **************************
ok: [web01 -> client01(192.168.122.21)]

TASK [Confirmar baseline OK (curl funciona)] ***********************************
ok: [web01] => {
    "msg": "✓ BASELINE OK: curl -I http://192.168.122.22:8080 --connect-timeout 5 responde desde client01 (8080)"
}

PLAY [J03 | Romper conectividad web01→client01] ********************************

TASK [Inyectar fallo específico de red] ****************************************
included: /home/jensy/Labs/scenarios/junior/J03/inject/variant_3.yml for web01

TASK [V3 | Backup conexión nmcli] **********************************************
changed: [web01]

TASK [V3 | Desactivar autoconnect (ruido post-reboot)] *************************
changed: [web01]

TASK [V3 | APAGAR INTERFAZ enp1s0 (CAUSA RAÍZ)] ********************************
