
PLAY [J03 | Resolve variables del escenario] ***********************************

TASK [Resolver variables J03] **************************************************
included: /home/jensy/Labs/scenarios/junior/J03/vars/resolve.yml for admin01

TASK [J03 | Cargar variables base del escenario] *******************************
ok: [admin01]

TASK [J03 | Resolver parámetros aleatorios del escenario] **********************
ok: [admin01]

TASK [J03 | Construir variables derivadas de contexto] *************************
ok: [admin01]

TASK [ASSERT | variants debe ser una lista] ************************************
ok: [admin01] => {
    "changed": false,
    "msg": "All assertions passed"
}

TASK [J03 | Seleccionar variante del incidente] ********************************
ok: [admin01]

TASK [ASSERT | Existe inject y ticket para la variante seleccionada] ***********
[ERROR]: Task failed: Action failed: ❌ La variante variant_1.yml no tiene inject o ticket
Origin: /home/jensy/Labs/scenarios/junior/J03/vars/resolve.yml:147:3

145
146 # =====================
147 - name: ASSERT | Existe inject y ticket para la variante seleccionada
      ^ column 3

fatal: [admin01]: FAILED! => {
    "assertion": "lookup('ansible.builtin.fileglob', playbook_dir + '/inject/' + global_selected_variant + '.yml', errors='ignore') | length > 0",
    "changed": false,
    "evaluated_to": false,
    "msg": "❌ La variante variant_1.yml no tiene inject o ticket"
}

PLAY RECAP *********************************************************************
admin01                    : ok=6    changed=0    unreachable=0    failed=1    skipped=0    rescued=0    ignored=0   

