
PLAY [J03 | Resolve variables del escenario] ***********************************

TASK [Resolver variables J03] **************************************************
included: /home/jensy/Labs/scenarios/junior/J03/vars/resolve.yml for admin01

TASK [J03 | Resolver parámetros aleatorios del escenario] **********************
[ERROR]: Task failed: Finalization of task args for 'ansible.builtin.set_fact' failed: Error while resolving value for 'global_firewall_service': 'random_elements' is undefined

Task failed.
Origin: /home/jensy/Labs/scenarios/junior/J03/vars/resolve.yml:80:3

78 # en vars/main.yml. Esta selección ocurre UNA SOLA VEZ.
79
80 - name: J03 | Resolver parámetros aleatorios del escenario
     ^ column 3

<<< caused by >>>

Finalization of task args for 'ansible.builtin.set_fact' failed.
Origin: /home/jensy/Labs/scenarios/junior/J03/vars/resolve.yml:81:3

79
80 - name: J03 | Resolver parámetros aleatorios del escenario
81   set_fact:
     ^ column 3

<<< caused by >>>

Error while resolving value for 'global_firewall_service': 'random_elements' is undefined
Origin: /home/jensy/Labs/scenarios/junior/J03/vars/resolve.yml:86:30

84     global_wrong_ip: "{{ random_elements.wrong_ips | random }}"
85     global_firewall_zone: "{{ random_elements.firewall_zones | random }}"
86     global_firewall_service: "{{ random_elements.firewalld_services | random }}"
                                ^ column 30

fatal: [admin01]: FAILED! => {"changed": false, "msg": "Task failed: Finalization of task args for 'ansible.builtin.set_fact' failed: Error while resolving value for 'global_firewall_service': 'random_elements' is undefined"}

PLAY RECAP *********************************************************************
admin01                    : ok=1    changed=0    unreachable=0    failed=1    skipped=0    rescued=0    ignored=0   

