
PLAY [J03 | Resolve variables del escenario] ***********************************

TASK [Resolver variables J03] **************************************************
included: /home/jensy/Labs/scenarios/junior/J03/vars/resolve.yml for admin01

TASK [Seleccionar elementos aleatorios de conectividad J03] ********************
[ERROR]: Task failed: Finalization of task args for 'ansible.builtin.set_fact' failed: Error while resolving value for 'selected_firewall_service': 'random_elements' is undefined

Task failed.
Origin: /home/jensy/Labs/scenarios/junior/J03/vars/resolve.yml:43:3

41
42
43 - name: Seleccionar elementos aleatorios de conectividad J03
     ^ column 3

<<< caused by >>>

Finalization of task args for 'ansible.builtin.set_fact' failed.
Origin: /home/jensy/Labs/scenarios/junior/J03/vars/resolve.yml:44:3

42
43 - name: Seleccionar elementos aleatorios de conectividad J03
44   set_fact:
     ^ column 3

<<< caused by >>>

Error while resolving value for 'selected_firewall_service': 'random_elements' is undefined
Origin: /home/jensy/Labs/scenarios/junior/J03/vars/resolve.yml:49:32

47     selected_wrong_ip: "{{ random_elements.wrong_ips | random }}"
48     selected_firewall_zone: "{{ random_elements.firewall_zones | random }}"
49     selected_firewall_service: "{{ random_elements.firewall_services | random }}"
                                  ^ column 32

fatal: [admin01]: FAILED! => {"changed": false, "msg": "Task failed: Finalization of task args for 'ansible.builtin.set_fact' failed: Error while resolving value for 'selected_firewall_service': 'random_elements' is undefined"}

PLAY RECAP *********************************************************************
admin01                    : ok=1    changed=0    unreachable=0    failed=1    skipped=0    rescued=0    ignored=0   

