
PLAY [J01 - Orquestador de variantes de redes] *********************************

TASK [Elegir una variante aleatoriamente] **************************************
ok: [localhost]

TASK [Mostrar ticket con estilo caja] ******************************************
ok: [localhost] => {
    "msg": [
        "========================================================================",
        "|                  J01 – Laboratorio de Redes                           |",
        "-------------------------------------------------------------------------",
        "| Junior, recuerda que Linux es un ecosistema interconectado            |",
        "| - Clientes, servidores, firewalls interactúan.                        |",
        "| - Un fallo en la conectividad no siempre significa un servicio caído. |",
        "| - Diferencia protocolos y evalúa el impacto antes de actuar.          |",
        "========================================================================="
    ]
}

TASK [Esperar que el usuario presione Enter para continuar] ********************
[[[K[Esperar que el usuario presione Enter para continuar]
Presiona ENTER para continuar con la siguiente tarea...:
ok: [localhost]

TASK [Ejecutar la variante seleccionada] ***************************************
included: /home/jensy/Labs/scenarios/junior/J01/variant_1.yml for localhost

TASK [Asegurar que firewalld esté activo] **************************************
[ERROR]: Task failed: Module failed: Could not find the requested service firewalld: host
Origin: /home/jensy/Labs/scenarios/junior/J01/variant_1.yml:50:3

48
49
50 - name: Asegurar que firewalld esté activo
     ^ column 3

fatal: [localhost]: FAILED! => {"changed": false, "msg": "Could not find the requested service firewalld: host"}

PLAY RECAP *********************************************************************
localhost                  : ok=4    changed=0    unreachable=0    failed=1    skipped=0    rescued=0    ignored=0   

