
PLAY [J02 - Orquestador de variantes de Firewalld y SELinux] *******************

TASK [Elegir variante aleatoriamente] ******************************************
ok: [web01]

TASK [Debug - Verificar variante seleccionada] *********************************
ok: [web01] => {
    "global_selected_variant": "variant_3.yml"
}

TASK [Ejecutar la variante seleccionada] ***************************************
included: /home/jensy/Labs/scenarios/junior/J02/variant_3.yml for web01

TASK [[VARIANT_SELINUX_NGINX] Backup configuración nginx] **********************
[ERROR]: Task failed: Finalization of task args for 'ansible.builtin.copy' failed: Error while resolving value for 'dest': 'ansible_date_time' is undefined

Task failed.
Origin: /home/jensy/Labs/scenarios/junior/J02/variant_3.yml:47:3

45 # ------------------------------------------------------------------------------
46
47 - name: "[VARIANT_SELINUX_NGINX] Backup configuración nginx"
     ^ column 3

<<< caused by >>>

Finalization of task args for 'ansible.builtin.copy' failed.
Origin: /home/jensy/Labs/scenarios/junior/J02/variant_3.yml:48:3

46
47 - name: "[VARIANT_SELINUX_NGINX] Backup configuración nginx"
48   copy:
     ^ column 3

<<< caused by >>>

Error while resolving value for 'dest': 'ansible_date_time' is undefined
Origin: /home/jensy/Labs/scenarios/junior/J02/variant_3.yml:50:11

48   copy:
49     src: "{{ item }}"
50     dest: "/tmp/j02_v3_backup_{{ ansible_date_time.epoch }}/{{ item | basename }}"
             ^ column 11

failed: [web01] (item=/etc/nginx/nginx.conf) => {"ansible_loop_var": "item", "changed": false, "item": "/etc/nginx/nginx.conf", "msg": "Task failed: Finalization of task args for 'ansible.builtin.copy' failed: Error while resolving value for 'dest': 'ansible_date_time' is undefined"}
failed: [web01] (item=/etc/nginx/conf.d/) => {"ansible_loop_var": "item", "changed": false, "item": "/etc/nginx/conf.d/", "msg": "Task failed: Finalization of task args for 'ansible.builtin.copy' failed: Error while resolving value for 'dest': 'ansible_date_time' is undefined"}

PLAY RECAP *********************************************************************
web01                      : ok=3    changed=0    unreachable=0    failed=1    skipped=0    rescued=0    ignored=0   

