
PLAY [J02 - Orquestador de variantes de Firewalld y SELinux] *******************

TASK [Elegir variante aleatoriamente] ******************************************
ok: [web01]

TASK [Debug - Verificar variante seleccionada] *********************************
ok: [web01] => {
    "global_selected_variant": "variant_2.yml"
}

TASK [Ejecutar la variante seleccionada] ***************************************
included: /home/jensy/Labs/scenarios/junior/J02/variant_2.yml for web01

TASK [[VARIANT_FW_MYSQL] Detectar zona activa de firewalld] ********************
ok: [web01]

TASK [[VARIANT_FW_MYSQL] Extraer zona activa] **********************************
ok: [web01]

TASK [[VARIANT_FW_MYSQL] Verificar puertos antes de bloquear MariaDB] **********
ok: [web01]

TASK [[VARIANT_FW_MYSQL] Bloquear puerto MariaDB (3306/tcp)] *******************
changed: [web01]

TASK [[VARIANT_FW_MYSQL] Recargar firewalld para aplicar cambios] **************
changed: [web01]

TASK [[VARIANT_FW_MYSQL] Verificar puertos después del bloqueo] ****************
ok: [web01]

TASK [[VARIANT_FW_MYSQL] Debug - Estado final del firewall] ********************
ok: [web01] => {
    "msg": [
        "Puertos ANTES del bloqueo: 443/tcp 3306/tcp",
        "Puertos DESPUÉS del bloqueo: 443/tcp"
    ]
}

TASK [[TICKET NOC] INC-J02-V2 - Aplicación no conecta a base de datos] *********
ok: [web01] => {
    "msg": [
        "=========================================================================",
        "| 🎫 INC-J02-V2 – APLICACIÓN SIN ACCESO A BASE DE DATOS                 |",
        "| PRIORIDAD: 🔴 ALTA | IMPACTO: SERVICIO CRÍTICO                       |",
        "=========================================================================",
        "| 📋 DESCRIPCIÓN USUARIO:                                               |",
        "| 'La aplicación abre, pero no muestra datos.'                          |",
        "| 'El equipo web responde, pero la base no conecta.'                    |",
        "-------------------------------------------------------------------------",
        "| 📊 METADATOS TÉCNICOS:                                                |",
        "| • Origen: CLIENT01 (192.168.122.21)                                  |",
        "| • Proxy DB: HAProxy (192.168.122.70)                                 |",
        "| • Backend DB: MariaDB (192.168.122.60)                               |",
        "| • Protocolo afectado: TCP/3306                                       |",
        "-------------------------------------------------------------------------",
        "| 💭 OBSERVACIONES INICIALES:                                            |",
        "| • HTTP responde, ¿qué dependencia falta?                              |",
        "| • ¿Es red, servicio o seguridad?                                      |",
        "| • ¿Proxy o backend?                                                   |",
        "-------------------------------------------------------------------------",
        "| 🎯 TU MISIÓN:                                                          |",
        "| Diagnosticar con mentalidad NOC                                       |",
        "| Confirmar impacto real al negocio                                     |",
        "| Identificar causa raíz                                                 |",
        "======================================================================== ",
        "| ⏰ INICIAR DIAGNÓSTICO → Presiona ENTER cuando estés listo            |",
        "======================================================================== "
    ]
}

PLAY RECAP *********************************************************************
web01                      : ok=11   changed=2    unreachable=0    failed=0    skipped=0    rescued=0    ignored=0   

