
PLAY [J02 | Crear usuario corporativo] *****************************************

TASK [Crear usuario sysadmin-junior] *******************************************
changed: [web01]
changed: [client01]
changed: [admin01]

TASK [Configurar sudo sin password] ********************************************
changed: [client01]
changed: [web01]
changed: [admin01]

PLAY [J02 | Configuración inicial y randomización] *****************************

TASK [1. Cargar catálogos base] ************************************************
ok: [admin01]

TASK [2. Resolver TODAS las variables (random + derivadas)] ********************
included: /home/jensy/Labs/scenarios/junior/J02/vars/resolve.yml for admin01

TASK [Seleccionar elementos aleatorios del laboratorio] ************************
ok: [admin01]

TASK [Resolver variables globales del servicio] ********************************
ok: [admin01]

TASK [Seleccionar variante del incidente] **************************************
ok: [admin01]

TASK [Marcar resolución de variables completada] *******************************
ok: [admin01]

TASK [3. Cargar variante del ticket] *******************************************
ok: [admin01]

TASK [4. Publicar variante global] *********************************************
ok: [admin01]

PLAY [J02 | Preparar baseline del sistema] *************************************

TASK [Gathering Facts] *********************************************************
ok: [web01]
ok: [admin01]
ok: [client01]

TASK [Propagar variables globales desde admin01] *******************************
skipping: [admin01]
ok: [web01]
ok: [client01]

TASK [Crear usuario del servicio en todos los hosts] ***************************
changed: [web01]
changed: [client01]
changed: [admin01]

TASK [Crear grupo del servicio (si no existe)] *********************************
ok: [web01]
ok: [client01]
ok: [admin01]

TASK [Crear directorio del servicio] *******************************************
changed: [web01]
changed: [admin01]
changed: [client01]

TASK [Crear directorio de configuración] ***************************************
changed: [client01]
changed: [admin01]
changed: [web01]

TASK [Crear directorio de logs] ************************************************
changed: [client01]
changed: [admin01]
changed: [web01]

TASK [Crear archivo de log inicial] ********************************************
changed: [admin01]
changed: [client01]
changed: [web01]

TASK [Crear servicio systemd desde template] ***********************************
changed: [admin01]
changed: [web01]
changed: [client01]

TASK [Crear script de inicio desde template] ***********************************
changed: [client01]
changed: [admin01]
changed: [web01]

TASK [Crear archivo de configuración del servicio] *****************************
changed: [web01]
changed: [client01]
changed: [admin01]

TASK [Crear archivo de condición enabled] **************************************
changed: [admin01]
changed: [client01]
changed: [web01]

TASK [Crear directorio runtime] ************************************************
changed: [admin01]
changed: [web01]
changed: [client01]

TASK [Crear archivo ready] *****************************************************
changed: [admin01]
changed: [client01]
changed: [web01]

PLAY [J02 | Inyectar fallo] ****************************************************

TASK [Inyectar variante seleccionada] ******************************************
included: /home/jensy/Labs/scenarios/junior/J02/inject/variant_3.yml for web01

TASK [V3 | Backup del unit original] *******************************************
changed: [web01]

TASK [V3 | Eliminar archivo requerido por ConditionPathExists] *****************
changed: [web01]

TASK [V3 | Vaciar archivo de configuración] ************************************
changed: [web01]

TASK [V3 | Inyectar ConditionPathExists y ConditionFileNotEmpty] ***************
changed: [web01]

TASK [V3 | Crear script ExecCondition fallido] *********************************
changed: [web01]

TASK [V3 | Agregar ExecCondition al unit] **************************************
changed: [web01]

TASK [V3 | Recargar daemon systemd] ********************************************
ok: [web01]

TASK [V3 | Detener servicio para evidenciar omisión] ***************************
ok: [web01]

TASK [V3 | Registrar inyección de la variante] *********************************
changed: [web01]

TASK [V3 | Crear archivo de diagnóstico] ***************************************
changed: [web01]

PLAY [J02 | Verificar estado del servicio] *************************************

TASK [Comprobar estado real del servicio] **************************************
ok: [web01]

TASK [Determinar estado para ticket] *******************************************
ok: [web01 -> admin01(192.168.122.20)]

PLAY [J02 | Mostrar resumen final] *********************************************

TASK [Preparar contexto del ticket] ********************************************
ok: [admin01]

TASK [Mostrar ticket final EN admin01 (DINÁMICO)] ******************************
changed: [admin01]

PLAY RECAP *********************************************************************
admin01                    : ok=25   changed=14   unreachable=0    failed=0    skipped=1    rescued=0    ignored=0   
client01                   : ok=16   changed=13   unreachable=0    failed=0    skipped=0    rescued=0    ignored=0   
web01                      : ok=29   changed=21   unreachable=0    failed=0    skipped=0    rescued=0    ignored=0   

