
PLAY [J03 | Resolve variables del escenario] ***********************************

TASK [Resolver variables J03] **************************************************
included: /home/jensy/Labs/scenarios/junior/J03/vars/resolve.yml for admin01

TASK [J03 | Cargar variables base del escenario] *******************************
ok: [admin01]

TASK [J03 | Resolver parámetros aleatorios del escenario] **********************
ok: [admin01]

TASK [J03 | Construir variables derivadas de contexto] *************************
ok: [admin01]

TASK [J03 | Seleccionar variante del incidente] ********************************
[ERROR]: Task failed: Finalization of task args for 'ansible.builtin.set_fact' failed: Error while resolving value for 'global_selected_variant': The filter plugin 'ansible.builtin.random' failed: random can only be used on sequences and integers

Task failed.
Origin: /home/jensy/Labs/scenarios/junior/J03/vars/resolve.yml:127:3

125 #   - variant_4.yml → Puerto cambiado sin firewall
126
127 - name: J03 | Seleccionar variante del incidente
      ^ column 3

<<< caused by >>>

Finalization of task args for 'ansible.builtin.set_fact' failed.
Origin: /home/jensy/Labs/scenarios/junior/J03/vars/resolve.yml:128:3

126
127 - name: J03 | Seleccionar variante del incidente
128   set_fact:
      ^ column 3

<<< caused by >>>

Error while resolving value for 'global_selected_variant': The filter plugin 'ansible.builtin.random' failed: random can only be used on sequences and integers
Origin: /home/jensy/Labs/scenarios/junior/J03/vars/resolve.yml:129:30

127 - name: J03 | Seleccionar variante del incidente
128   set_fact:
129     global_selected_variant: "{{ variants | random }}"
                                 ^ column 30

fatal: [admin01]: FAILED! => {"changed": false, "msg": "Task failed: Finalization of task args for 'ansible.builtin.set_fact' failed: Error while resolving value for 'global_selected_variant': The filter plugin 'ansible.builtin.random' failed: random can only be used on sequences and integers"}

PLAY RECAP *********************************************************************
admin01                    : ok=4    changed=0    unreachable=0    failed=1    skipped=0    rescued=0    ignored=0   

