
PLAY [J02 | Crear usuario corporativo] *****************************************

TASK [Crear usuario sysadmin-junior] *******************************************
changed: [admin01]
changed: [client01]
changed: [web01]

TASK [Configurar sudo sin password] ********************************************
changed: [web01]
changed: [admin01]
changed: [client01]

PLAY [J02 | Configuración inicial y randomización] *****************************

TASK [1. Cargar catálogos base] ************************************************
ok: [admin01]

TASK [2. Resolver TODAS las variables (random + derivadas)] ********************
included: /home/jensy/Labs/scenarios/junior/J02/vars/resolve.yml for admin01

TASK [Seleccionar elementos aleatorios del laboratorio] ************************
ok: [admin01]

TASK [Resolver variables globales del servicio] ********************************
ok: [admin01]

TASK [Seleccionar variante del incidente] **************************************
ok: [admin01]

TASK [Marcar resolución de variables completada] *******************************
ok: [admin01]

TASK [3. Cargar variante del ticket] *******************************************
ok: [admin01]

TASK [4. Publicar variante global] *********************************************
ok: [admin01]

PLAY [J02 | Preparar baseline del sistema] *************************************

TASK [Gathering Facts] *********************************************************
ok: [client01]
ok: [web01]
ok: [admin01]

TASK [Propagar variables globales desde admin01] *******************************
skipping: [admin01]
ok: [web01]
ok: [client01]

TASK [Crear usuario del servicio en todos los hosts] ***************************
changed: [client01]
changed: [admin01]
changed: [web01]

TASK [Crear grupo del servicio (si no existe)] *********************************
ok: [admin01]
ok: [web01]
ok: [client01]

TASK [Crear directorio del servicio] *******************************************
changed: [web01]
changed: [admin01]
changed: [client01]

TASK [Crear directorio de configuración] ***************************************
changed: [client01]
changed: [admin01]
changed: [web01]

TASK [Crear directorio de logs] ************************************************
changed: [admin01]
changed: [web01]
changed: [client01]

TASK [Crear archivo de log inicial] ********************************************
changed: [client01]
changed: [admin01]
changed: [web01]

TASK [Crear servicio systemd desde template] ***********************************
[ERROR]: Task failed: 'selected_service' is undefined

Task failed.
Origin: /home/jensy/Labs/scenarios/junior/J02/tasks/base.yml:80:3

78     mode: '0644'
79
80 - name: Crear servicio systemd desde template
     ^ column 3

<<< caused by >>>

'selected_service' is undefined
Origin: /home/jensy/Labs/scenarios/junior/J02/templates/service-template.service.j2

fatal: [web01]: FAILED! => {"changed": false, "msg": "Task failed: 'selected_service' is undefined"}
fatal: [client01]: FAILED! => {"changed": false, "msg": "Task failed: 'selected_service' is undefined"}
changed: [admin01]

TASK [Crear script de inicio desde template] ***********************************
changed: [admin01]

TASK [Crear archivo de configuración del servicio] *****************************
changed: [admin01]

TASK [Crear archivo de condición enabled] **************************************
changed: [admin01]

TASK [Crear directorio runtime] ************************************************
changed: [admin01]

TASK [Crear archivo ready] *****************************************************
changed: [admin01]

PLAY [J02 | Inyectar fallo] ****************************************************

PLAY [J02 | Verificar estado del servicio] *************************************

PLAY [J02 | Mostrar resumen final] *********************************************

TASK [Preparar contexto del ticket] ********************************************
ok: [admin01]

TASK [Mostrar ticket final EN admin01 (DINÁMICO)] ******************************
changed: [admin01]

PLAY RECAP *********************************************************************
admin01                    : ok=25   changed=14   unreachable=0    failed=0    skipped=1    rescued=0    ignored=0   
client01                   : ok=10   changed=7    unreachable=0    failed=1    skipped=0    rescued=0    ignored=0   
web01                      : ok=10   changed=7    unreachable=0    failed=1    skipped=0    rescued=0    ignored=0   

