
PLAY [J01 | Configuración inicial] *********************************************

TASK [Cargar variables principales] ********************************************
ok: [admin01]

TASK [Seleccionar variante aleatoria] ******************************************
ok: [admin01]

TASK [Cargar datos de la variante] *********************************************
ok: [admin01]

TASK [Establecer variables globales] *******************************************
ok: [admin01]

PLAY [J01 | Preparar baseline del servicio] ************************************

TASK [Gathering Facts] *********************************************************
ok: [web01]

TASK [Cargar variables] ********************************************************
ok: [web01]

TASK [Asegurar usuario del servicio] *******************************************
ok: [web01]

TASK [Crear directorio del servicio] *******************************************
ok: [web01]

TASK [Crear script de inicio del servicio] *************************************
changed: [web01]

TASK [Crear unidad systemd del servicio] ***************************************
ok: [web01]

TASK [Registrar baseline en log] ***********************************************
ok: [web01]

PLAY [J01 | Inyectar fallo] ****************************************************

TASK [Cargar variables] ********************************************************
ok: [web01]

TASK [Ejecutar inyección] ******************************************************
included: /home/jensy/GitHub/Labs/scenarios/junior/J01/inject/variant_4.yml for web01

TASK [Asegurar usuario del servicio existe] ************************************
ok: [web01]

TASK [Asegurar script con permisos correctos] **********************************
changed: [web01]

TASK [Crear archivo de configuración requerido por el servicio] ****************
changed: [web01]

TASK [Configurar unit file con EnvironmentFile] ********************************
changed: [web01]

TASK [Recargar systemd] ********************************************************
changed: [web01]

TASK [Intentar iniciar servicio (fallará)] *************************************
changed: [web01]

TASK [Registrar variante 4 en log] *********************************************
changed: [web01]

PLAY [J01 | Observación del impacto] *******************************************

TASK [Cargar variables para cliente] *******************************************
ok: [client01]

TASK [Verificar servicio] ******************************************************
ok: [client01]

TASK [Guardar resultado para el resumen] ***************************************
ok: [client01 -> admin01(192.168.122.20)]

PLAY [J01 | Mostrar resumen final] *********************************************

TASK [Cargar variables para el resumen] ****************************************
ok: [admin01]

TASK [Mostrar ticket final] ****************************************************
ok: [admin01] => {
    "msg": "╔══════════════════════════════════════════════════════════╗\n║                    LAB J01 - JUNIOR                      ║\n║                VARIANTE: variant_4.yml     ║\n╚══════════════════════════════════════════════════════════╝\n\n📋 ESCENARIO:\nEn sistemas Linux modernos, systemd no solo gestiona procesos, sino también su entorno de ejecución. Muchos servicios dependen de archivos externos para definir variables críticas. En este escenario, el servicio está correctamente definido y su script es ejecutable, pero el entorno requerido para iniciar el proceso no puede ser cargado debido a restricciones de acceso al archivo de configuración.\n\n\n🔍 SÍNTOMAS:\n• El servicio existe en systemd\n• El usuario del servicio existe en el sistema\n• El script de inicio es ejecutable\n• El servicio falla al iniciar inmediatamente\n• systemctl reporta errores relacionados con el entorno\n• El journal menciona problemas al cargar EnvironmentFile\n\n🎯 TAREA:\nAnalizar por qué el servicio no logra cargar su entorno de ejecución y corregir los permisos o el acceso al archivo de configuración requerido, asegurando que systemd pueda iniciar el proceso sin comprometer la seguridad del sistema.\n\n\n⚠️  RESTRICCIONES:\n• NO ejecutar el servicio como root\n• NO eliminar el uso de EnvironmentFile\n• NO exponer secretos con permisos inseguros\n• NO usar chmod 777\n• La corrección debe persistir tras reboot\n\n💡 PISTAS:\n• `systemctl cat internal-api` → busca EnvironmentFile=\n• `journalctl -u internal-api` → ¿qué archivo no puede leer?\n• `ls -l $(grep EnvironmentFile <(systemctl cat internal-api))` → ¿service_user tiene 'r'?\n• chmod 644 environment_file (root:root), systemd lee como root pero pasa al user\n\n═══════════════════════════════════════════════════════════\n📊 RESULTADO: SERVICE UNKNOWN\n═══════════════════════════════════════════════════════════\nLaboratorio completado. Revisa arriba para ver las acciones ejecutadas.\n"
}

PLAY RECAP *********************************************************************
admin01                    : ok=6    changed=0    unreachable=0    failed=0    skipped=0    rescued=0    ignored=0   
client01                   : ok=3    changed=0    unreachable=0    failed=0    skipped=0    rescued=0    ignored=0   
web01                      : ok=16   changed=7    unreachable=0    failed=0    skipped=0    rescued=0    ignored=0   

