
PLAY [J03 | Resolve variables del escenario] ***********************************

TASK [Resolver variables J03] **************************************************
included: /home/jensy/Labs/scenarios/junior/J03/vars/resolve.yml for admin01, web01, client01

TASK [J03 | Cargar variables base del escenario] *******************************
ok: [admin01]
ok: [web01]
ok: [client01]

TASK [J03 | Resolver parámetros aleatorios del escenario] **********************
ok: [admin01]

TASK [J03 | Construir variables derivadas de contexto] *************************
ok: [admin01]

TASK [ASSERT | variants debe ser una lista] ************************************
ok: [admin01] => {
    "changed": false,
    "msg": "All assertions passed"
}
ok: [web01] => {
    "changed": false,
    "msg": "All assertions passed"
}
ok: [client01] => {
    "changed": false,
    "msg": "All assertions passed"
}

TASK [J03 | Seleccionar variante del incidente] ********************************
ok: [admin01]

TASK [J03 | Marcar resolución del escenario como completada] *******************
ok: [admin01]

PLAY [J03 | Propagar variables globales] ***************************************

TASK [Obtener variable del admin01] ********************************************
ok: [admin01]

PLAY [J03 | Aplicar baselines canónicos] ***************************************

TASK [Baseline | Usuarios corporativos] ****************************************
included: /home/jensy/Labs/scenarios/baselines/users.yml for admin01, web01, client01

TASK [USERS | Crear grupo sysadmin] ********************************************
ok: [web01]
ok: [client01]
ok: [admin01]

TASK [USERS | Crear usuario sysadmin] ******************************************
ok: [client01]
ok: [web01]
ok: [admin01]

TASK [USERS | Configurar sudo sin password] ************************************
ok: [client01]
ok: [admin01]
ok: [web01]

TASK [Baseline | Red funcional] ************************************************
included: /home/jensy/Labs/scenarios/baselines/network.yml for admin01, web01, client01

TASK [NETWORK | Recolectar facts de red] ***************************************
ok: [web01]
ok: [admin01]
ok: [client01]

TASK [NETWORK | NetworkManager instalado] **************************************
ok: [web01]
ok: [admin01]
ok: [client01]

TASK [NETWORK | NetworkManager activo] *****************************************
ok: [client01]
ok: [admin01]
ok: [web01]

TASK [NETWORK | Estado de interfaces (informativo)] ****************************
ok: [admin01]
ok: [client01]
ok: [web01]

TASK [NETWORK | Verificar conectividad IPv4 básica] ****************************
ok: [admin01] => {
    "changed": false,
    "msg": "✓ Conectividad IPv4 detectada (192.168.122.20)"
}
ok: [web01] => {
    "changed": false,
    "msg": "✓ Conectividad IPv4 detectada (192.168.122.22)"
}
ok: [client01] => {
    "changed": false,
    "msg": "✓ Conectividad IPv4 detectada (192.168.122.21)"
}

TASK [NETWORK | Paquetes de diagnóstico instalados] ****************************
ok: [client01]
ok: [web01]
ok: [admin01]

TASK [Baseline | Acceso SSH] ***************************************************
included: /home/jensy/Labs/scenarios/baselines/ssh.yml for admin01, web01, client01

TASK [SSH | OpenSSH instalado] *************************************************
ok: [web01]
ok: [admin01]
ok: [client01]

TASK [SSH | Servicio activo] ***************************************************
ok: [admin01]
ok: [web01]
ok: [client01]

TASK [Baseline | Servicio Web] *************************************************
skipping: [admin01]
skipping: [client01]
included: /home/jensy/Labs/scenarios/baselines/web.yml for web01

TASK [WEB | Verificar si el escenario requiere servicio web] *******************
ok: [web01]

TASK [WEB | Mostrar aviso si web no aplica] ************************************
skipping: [web01]

TASK [WEB | Recolectar facts del sistema] **************************************
ok: [web01]

TASK [WEB | Instalar servicio web] *********************************************
ok: [web01]

TASK [WEB | Detener servicio] **************************************************
changed: [web01]

TASK [WEB | Configurar puerto nginx (conf.d)] **********************************
skipping: [web01]

TASK [WEB | Configurar puerto httpd] *******************************************
changed: [web01]

TASK [WEB | Crear página web canónica] *****************************************
changed: [web01]

TASK [WEB | Iniciar y habilitar servicio] **************************************
[ERROR]: Task failed: Module failed: Unable to start service httpd: Job for httpd.service failed because the control process exited with error code.
See "systemctl status httpd.service" and "journalctl -xeu httpd.service" for details.

Origin: /home/jensy/Labs/scenarios/baselines/web.yml:105:7

103       become: yes
104
105     - name: WEB | Iniciar y habilitar servicio
          ^ column 7

fatal: [web01]: FAILED! => {"changed": false, "msg": "Unable to start service httpd: Job for httpd.service failed because the control process exited with error code.\nSee \"systemctl status httpd.service\" and \"journalctl -xeu httpd.service\" for details.\n"}

TASK [Baseline | Firewall limpio] **********************************************
skipping: [admin01]
skipping: [client01]

PLAY [J03 | Inyectar incidente] ************************************************

PLAY [Mostrar ticket J03 según variante seleccionada] **************************

TASK [Comprobar existencia del ticket] *****************************************
[ERROR]: Task failed: Finalization of task args for 'ansible.builtin.stat' failed: Error while resolving value for 'path': 'global_selected_variant' is undefined

Task failed.
Origin: /home/jensy/Labs/scenarios/junior/J03/J03.yml:90:7

88   gather_facts: no
89   tasks:
90     - name: Comprobar existencia del ticket
         ^ column 7

<<< caused by >>>

Finalization of task args for 'ansible.builtin.stat' failed.
Origin: /home/jensy/Labs/scenarios/junior/J03/J03.yml:91:7

89   tasks:
90     - name: Comprobar existencia del ticket
91       stat:
         ^ column 7

<<< caused by >>>

Error while resolving value for 'path': 'global_selected_variant' is undefined
Origin: /home/jensy/Labs/scenarios/junior/J03/J03.yml:92:15

90     - name: Comprobar existencia del ticket
91       stat:
92         path: "scenarios/junior/J03/tickets/{{ global_selected_variant }}.yml"
                 ^ column 15

fatal: [localhost]: FAILED! => {"changed": false, "msg": "Task failed: Finalization of task args for 'ansible.builtin.stat' failed: Error while resolving value for 'path': 'global_selected_variant' is undefined"}

PLAY RECAP *********************************************************************
admin01                    : ok=22   changed=0    unreachable=0    failed=0    skipped=2    rescued=0    ignored=0   
client01                   : ok=17   changed=0    unreachable=0    failed=0    skipped=2    rescued=0    ignored=0   
localhost                  : ok=0    changed=0    unreachable=0    failed=1    skipped=0    rescued=0    ignored=0   
web01                      : ok=24   changed=3    unreachable=0    failed=1    skipped=2    rescued=0    ignored=0   

