
PLAY [J01 | Configuración inicial] *********************************************

TASK [Cargar variables principales] ********************************************
ok: [admin01]

TASK [Seleccionar variante aleatoria] ******************************************
ok: [admin01]

TASK [Cargar datos de la variante] *********************************************
ok: [admin01]

TASK [Establecer variables globales] *******************************************
ok: [admin01]

TASK [Mostrar selección] *******************************************************
ok: [admin01] => {
    "msg": "Variante: variant_2.yml"
}

PLAY [J01 | Mostrar ticket del incidente] **************************************

TASK [Cargar variables globales] ***********************************************
ok: [admin01]
ok: [web01]
ok: [client01]

TASK [Mostrar ticket del incidente] ********************************************
ok: [web01] => {
    "msg": "========================================================\n   LAB J01 – JUNIOR\n========================================================\n\nEscenario:\n  En Linux, que un archivo exista no significa que pueda ejecutarse. El sistema confía en los permisos para decidir qué puede correr y bajo qué identidad. En este escenario, el servicio y el usuario existen, pero el punto de entrada del servicio ha perdido su capacidad de ejecución.\n\n\nSíntomas:\n    • El servicio existe en systemd\n    • El usuario del servicio existe en el sistema\n    • El servicio falla al iniciar inmediatamente\n    • systemctl reporta errores genéricos de ejecución\n    • El journal no indica fallos de red ni de dependencias\n  \nTarea:\n  Identificar por qué el servicio no logra ejecutar su script de inicio y restaurar los permisos mínimos necesarios para que systemd pueda lanzar el proceso correctamente, respetando el principio de mínimo privilegio.\n\n\nRestricciones:\n    • NO ejecutar el servicio como root\n    • NO usar chmod 777\n    • NO cambiar el usuario del servicio\n    • La corrección debe persistir tras reboot\n  \nPistas:\n    • Revisa los permisos del script con `ls -l /opt/internal-api/start.sh`\n    • systemd necesita permiso de ejecución en el archivo\n    • El bit de ejecución es tan importante como el propietario\n    • Un servicio puede existir, pero no tener permiso para arrancar\n  \n========================================================\nEjecutar con --apply para inyectar la condición de fallo...\n"
}
ok: [admin01] => {
    "msg": "========================================================\n   LAB J01 – JUNIOR\n========================================================\n\nEscenario:\n  En Linux, que un archivo exista no significa que pueda ejecutarse. El sistema confía en los permisos para decidir qué puede correr y bajo qué identidad. En este escenario, el servicio y el usuario existen, pero el punto de entrada del servicio ha perdido su capacidad de ejecución.\n\n\nSíntomas:\n    • El servicio existe en systemd\n    • El usuario del servicio existe en el sistema\n    • El servicio falla al iniciar inmediatamente\n    • systemctl reporta errores genéricos de ejecución\n    • El journal no indica fallos de red ni de dependencias\n  \nTarea:\n  Identificar por qué el servicio no logra ejecutar su script de inicio y restaurar los permisos mínimos necesarios para que systemd pueda lanzar el proceso correctamente, respetando el principio de mínimo privilegio.\n\n\nRestricciones:\n    • NO ejecutar el servicio como root\n    • NO usar chmod 777\n    • NO cambiar el usuario del servicio\n    • La corrección debe persistir tras reboot\n  \nPistas:\n    • Revisa los permisos del script con `ls -l /opt/internal-api/start.sh`\n    • systemd necesita permiso de ejecución en el archivo\n    • El bit de ejecución es tan importante como el propietario\n    • Un servicio puede existir, pero no tener permiso para arrancar\n  \n========================================================\nEjecutar con --apply para inyectar la condición de fallo...\n"
}
ok: [client01] => {
    "msg": "========================================================\n   LAB J01 – JUNIOR\n========================================================\n\nEscenario:\n  En Linux, que un archivo exista no significa que pueda ejecutarse. El sistema confía en los permisos para decidir qué puede correr y bajo qué identidad. En este escenario, el servicio y el usuario existen, pero el punto de entrada del servicio ha perdido su capacidad de ejecución.\n\n\nSíntomas:\n    • El servicio existe en systemd\n    • El usuario del servicio existe en el sistema\n    • El servicio falla al iniciar inmediatamente\n    • systemctl reporta errores genéricos de ejecución\n    • El journal no indica fallos de red ni de dependencias\n  \nTarea:\n  Identificar por qué el servicio no logra ejecutar su script de inicio y restaurar los permisos mínimos necesarios para que systemd pueda lanzar el proceso correctamente, respetando el principio de mínimo privilegio.\n\n\nRestricciones:\n    • NO ejecutar el servicio como root\n    • NO usar chmod 777\n    • NO cambiar el usuario del servicio\n    • La corrección debe persistir tras reboot\n  \nPistas:\n    • Revisa los permisos del script con `ls -l /opt/internal-api/start.sh`\n    • systemd necesita permiso de ejecución en el archivo\n    • El bit de ejecución es tan importante como el propietario\n    • Un servicio puede existir, pero no tener permiso para arrancar\n  \n========================================================\nEjecutar con --apply para inyectar la condición de fallo...\n"
}

PLAY [J01 | Preparar baseline del servicio] ************************************

TASK [Gathering Facts] *********************************************************
ok: [web01]

TASK [Cargar variables] ********************************************************
ok: [web01]

TASK [Asegurar usuario del servicio] *******************************************
ok: [web01]

TASK [Crear directorio del servicio] *******************************************
changed: [web01]

TASK [Crear script de inicio del servicio] *************************************
ok: [web01]

TASK [Crear unidad systemd del servicio] ***************************************
ok: [web01]

TASK [Registrar baseline en log] ***********************************************
ok: [web01]

PLAY [J01 | Inyectar fallo] ****************************************************

TASK [Cargar variables] ********************************************************
ok: [web01]

TASK [Ejecutar inyección] ******************************************************
included: /home/jensy/GitHub/Labs/scenarios/junior/J01/inject/variant_2.yml for web01

TASK [Asegurar usuario del servicio existe] ************************************
ok: [web01]

TASK [Quitar permisos de ejecución al script] **********************************
changed: [web01]

TASK [Registrar variante 2 en log] *********************************************
changed: [web01]

PLAY [J01 | Observación del impacto] *******************************************

TASK [Cargar variables para cliente] *******************************************
ok: [client01]

TASK [Verificar servicio] ******************************************************
ok: [client01]

TASK [Mostrar resultado] *******************************************************
ok: [client01] => {
    "msg": "Estado desde cliente: SERVICE DOWN"
}

PLAY RECAP *********************************************************************
admin01                    : ok=7    changed=0    unreachable=0    failed=0    skipped=0    rescued=0    ignored=0   
client01                   : ok=5    changed=0    unreachable=0    failed=0    skipped=0    rescued=0    ignored=0   
web01                      : ok=14   changed=3    unreachable=0    failed=0    skipped=0    rescued=0    ignored=0   

