
PLAY [J03 | Resolve variables del escenario] ***********************************

TASK [Resolver variables J03] **************************************************
included: /home/jensy/Labs/scenarios/junior/J03/vars/resolve.yml for admin01, web01, client01

TASK [J03 | Cargar variables base del escenario] *******************************
ok: [web01]
ok: [admin01]
ok: [client01]

TASK [J03 | Resolver parámetros aleatorios del escenario] **********************
ok: [admin01]

TASK [J03 | Resolver variables adicionales para Variant 2] *********************
ok: [admin01]

TASK [J03 | Construir variables derivadas de contexto] *************************
ok: [admin01]

TASK [ASSERT | variants debe ser una lista] ************************************
ok: [web01] => {
    "changed": false,
    "msg": "All assertions passed"
}
ok: [admin01] => {
    "changed": false,
    "msg": "All assertions passed"
}
ok: [client01] => {
    "changed": false,
    "msg": "All assertions passed"
}

TASK [J03 | Seleccionar variante del incidente] ********************************
ok: [admin01]

TASK [J03 | Marcar resolución del escenario como completada] *******************
ok: [admin01]

PLAY [J03 | Propagar variables globales] ***************************************

TASK [Obtener variables del admin01] *******************************************
ok: [admin01]

PLAY [J03 | Ejecutar baseline canónico (estado sano)] **************************

TASK [Incluir baseline global] *************************************************
