
PLAY [J03 | Crear usuario corporativo] *****************************************

TASK [Crear usuario sysadmin-junior] *******************************************
changed: [client01]
changed: [web01]
changed: [admin01]

TASK [Configurar sudo sin password] ********************************************
ok: [web01]
ok: [admin01]
ok: [client01]

PLAY [J03 | Configuración inicial y randomización] *****************************

TASK [1. Cargar catálogos de red J03] ******************************************
ok: [admin01]

TASK [2. Resolver variables de conectividad (puerto, interface, IP...)] ********
included: /home/jensy/Labs/scenarios/junior/J03/vars/resolve.yml for admin01

TASK [Seleccionar elementos aleatorios de conectividad J03] ********************
ok: [admin01]

TASK [Resolver variables globales de red (configuración)] **********************
ok: [admin01]

TASK [Resolver variables globales de red (URLs y comandos)] ********************
ok: [admin01]

TASK [Seleccionar variante del incidente de conectividad] **********************
ok: [admin01]

TASK [Marcar resolución J03 completada] ****************************************
ok: [admin01]

TASK [3. Cargar datos del ticket específico] ***********************************
ok: [admin01]

TASK [4. Publicar variante global] *********************************************
ok: [admin01]

PLAY [J03 | Propagar variables globales de red] ********************************

TASK [Gathering Facts] *********************************************************
ok: [client01]
ok: [admin01]
ok: [web01]

TASK [Sincronizar variables DESDE admin01] *************************************
skipping: [admin01]
ok: [web01]
ok: [client01]

PLAY [J03 | Crear baseline FUNCIONAL en web01] *********************************

TASK [Gathering Facts] *********************************************************
ok: [web01]

TASK [Instalar servicio web según variante] ************************************
changed: [web01]

TASK [Asegurar puerto libre antes de configurar] *******************************
ok: [web01]

TASK [Configurar puerto nginx (443)] *******************************************
skipping: [web01]

TASK [Configurar puerto httpd (443)] *******************************************
changed: [web01]

TASK [Crear página de prueba para baseline] ************************************
changed: [web01]

TASK [Asegurar permisos página de prueba] **************************************
changed: [web01]

TASK [Iniciar y habilitar servicio web] ****************************************
[ERROR]: Task failed: Module failed: Unable to start service httpd: Job for httpd.service failed because the control process exited with error code.
See "systemctl status httpd.service" and "journalctl -xeu httpd.service" for details.

Origin: /home/jensy/Labs/scenarios/junior/J03/tasks/base.yml:92:3

90
91
92 - name: Iniciar y habilitar servicio web
     ^ column 3

fatal: [web01]: FAILED! => {"changed": false, "msg": "Unable to start service httpd: Job for httpd.service failed because the control process exited with error code.\nSee \"systemctl status httpd.service\" and \"journalctl -xeu httpd.service\" for details.\n"}

PLAY RECAP *********************************************************************
admin01                    : ok=12   changed=1    unreachable=0    failed=0    skipped=1    rescued=0    ignored=0   
client01                   : ok=4    changed=1    unreachable=0    failed=0    skipped=0    rescued=0    ignored=0   
web01                      : ok=10   changed=5    unreachable=0    failed=1    skipped=1    rescued=0    ignored=0   

