
PLAY [J01 - Orquestador de variantes de redes] *********************************

TASK [Elegir variante aleatoriamente] ******************************************
ok: [web01]

TASK [Debug - Verificar variante seleccionada] *********************************
ok: [web01] => {
    "global_selected_variant": "variant_1.yml"
}

TASK [Mostrar ticket con estilo caja] ******************************************
ok: [web01] => {
    "msg": [
        "========================================================================",
        "|                  J01 – Laboratorio de Redes                           |",
        "-------------------------------------------------------------------------",
        "| Junior, recuerda que Linux es un ecosistema interconectado            |",
        "| - Clientes, servidores, firewalls interactúan.                        |",
        "| - Un fallo en la conectividad no siempre significa un servicio caído. |",
        "| - Diferencia protocolos y evalúa el impacto antes de actuar.          |",
        "========================================================================="
    ]
}

TASK [Esperar que el usuario presione Enter] ***********************************
[[[K[Esperar que el usuario presione Enter]
Presiona ENTER para continuar...:
ok: [web01]

TASK [Ejecutar la variante seleccionada] ***************************************
included: /home/jensy/Labs/scenarios/junior/J01/variant_1.yml for web01

TASK [[PREPARACIÓN] Asegurar firewalld activo] *********************************
ok: [web01]

TASK [[CONFIGURACIÓN] Bloquear ICMP echo-request (--add-icmp-block)] ***********
changed: [web01]

TASK [[VERIFICACIÓN] Confirmar bloqueo activo] *********************************
ok: [web01]

TASK [[EXITOSO] J01-V1 Configurado ✓] ******************************************
ok: [web01] => {
    "msg": [
        "========================================================================",
        "🎯 J01-V1: ICMP echo-request BLOQUEADO",
        "Bloqueos activos: echo-request",
        "--------------------------------------------------------------------",
        "VERIFICAR DESDE CLIENT01:",
        "❌ ping 192.168.122.50 → 'Pacote filtrado'",
        "❌ ping 192.168.122.60 → 'Pacote filtrado'",
        "✅ curl http://192.168.122.50 → 200 OK",
        "✅ nc 192.168.122.60 3306 → Connected",
        "========================================================================"
    ]
}

TASK [[COMPLETADO] Mostrar resultado y instrucciones de validación] ************
ok: [web01] => {
    "msg": [
        "========================================================================",
        "|                  INC-J01-V1 – Bloqueo ICMP desde CLIENT01             |",
        "------------------------------------------------------------------------",
        "| Descripción:                                                            |",
        "| - Ping y traceroute desde CLIENT01 a SERVER_EU fallan.                  |",
        "| - HTTP (80) y MariaDB (3306) siguen funcionando.                        |",
        "| - Posible bloqueo de ICMP por firewall.                                 |",
        "------------------------------------------------------------------------",
        "| Contexto:                                                               |",
        "| - CLIENT01 (192.168.122.21): Cliente que realiza pruebas.               |",
        "| - SERVER_EU (192.168.122.22): Servidor con Nginx y MariaDB.             |",
        "| - Firewalld activo en SERVER_EU.                                        |",
        "------------------------------------------------------------------------",
        "| Filosofía Linux (perspectiva senior):                                   |",
        "| - Linux permite observar todo el ecosistema: red, servicios y protocolos.|",
        "| - Fallo de ping no implica fallo de servicio. ICMP es solo diagnóstico. |",
        "| - TCP y UDP son independientes; servicios críticos siguen activos.       |",
        "| - Antes de actuar, observa qué falló y qué sigue funcionando.           |",
        "| - Reflexiona sobre impacto en usuarios y aplicaciones.                  |",
        "| - Mentalidad de senior: diagnosticar con criterio y documentar todo.    |",
        "------------------------------------------------------------------------",
        "| Objetivos de aprendizaje:                                               |",
        "| 1. Entender que fallo de ping no implica fallo de servicio.             |",
        "| 2. Diagnosticar reglas de firewall que afectan ICMP.                     |",
        "| 3. Diferenciar protocolos ICMP vs TCP.                                   |",
        "| 4. Practicar observación y pensamiento crítico de un sysadmin senior.   |",
        "------------------------------------------------------------------------",
        "| Checklist recomendado:                                                  |",
        "| - [ ] Desde CLIENT01: ping y traceroute hacia SERVER_EU                 |",
        "| - [ ] Confirmar que HTTP funciona                                       |",
        "| - [ ] Confirmar que MariaDB funciona                                    |",
        "| - [ ] Revisar firewalld en SERVER_EU                                    |",
        "| - [ ] Reflexión: ¿Por qué ICMP falla pero TCP sigue funcionando?        |",
        "========================================================================"
    ]
}

PLAY RECAP *********************************************************************
web01                      : ok=10   changed=1    unreachable=0    failed=0    skipped=0    rescued=0    ignored=0   

