
PLAY [J03 | Crear usuario corporativo] *****************************************

TASK [Crear usuario sysadmin-junior] *******************************************
changed: [admin01]
changed: [client01]
changed: [web01]

TASK [Configurar sudo sin password] ********************************************
ok: [web01]
ok: [client01]
ok: [admin01]

PLAY [J03 | Configuración inicial y randomización] *****************************

TASK [1. Cargar catálogos de red J03] ******************************************
ok: [admin01]

TASK [2. Resolver variables de conectividad (puerto, interface, IP...)] ********
included: /home/jensy/Labs/scenarios/junior/J03/vars/resolve.yml for admin01

TASK [Seleccionar elementos aleatorios de conectividad J03] ********************
ok: [admin01]

TASK [Resolver variables globales de red (configuración)] **********************
ok: [admin01]

TASK [Resolver variables globales de red (URLs y comandos)] ********************
ok: [admin01]

TASK [Seleccionar variante del incidente de conectividad] **********************
ok: [admin01]

TASK [Marcar resolución J03 completada] ****************************************
ok: [admin01]

TASK [3. Cargar datos del ticket específico] ***********************************
ok: [admin01]

TASK [4. Publicar variante global] *********************************************
ok: [admin01]

PLAY [J03 | Propagar variables globales de red] ********************************

TASK [Gathering Facts] *********************************************************
ok: [client01]
ok: [admin01]
ok: [web01]

TASK [Sincronizar variables DESDE admin01] *************************************
skipping: [admin01]
ok: [web01]
ok: [client01]

PLAY [J03 | Crear baseline FUNCIONAL en web01] *********************************

TASK [Gathering Facts] *********************************************************
ok: [web01]

TASK [Instalar servicio web según variante] ************************************
changed: [web01]

TASK [Asegurar puerto libre antes de configurar] *******************************
ok: [web01]

TASK [Configurar puerto nginx (8080)] ******************************************
changed: [web01]

TASK [Configurar puerto httpd (8080)] ******************************************
skipping: [web01]

TASK [Iniciar y habilitar servicio web] ****************************************
changed: [web01]

TASK [Configurar IP correcta 192.168.122.22/24 (baseline)] *********************
changed: [web01]

TASK [Activar interfaz de red] *************************************************
changed: [web01]

TASK [Abrir puerto en firewalld (baseline FUNCIONAL)] **************************
changed: [web01]

TASK [Alternativa - Abrir servicio firewalld] **********************************
changed: [web01]

TASK [Verificar conectividad baseline DESDE client01] **************************
FAILED - RETRYING: [web01 -> client01]: Verificar conectividad baseline DESDE client01 (3 retries left).
FAILED - RETRYING: [web01 -> client01]: Verificar conectividad baseline DESDE client01 (2 retries left).
FAILED - RETRYING: [web01 -> client01]: Verificar conectividad baseline DESDE client01 (1 retries left).
[ERROR]: Task failed: Module failed: Unsupported parameters for (ansible.legacy.uri) module: status. Supported parameters include: attributes, body, body_format, ca_path, ciphers, client_cert, client_key, creates, decompress, dest, follow_redirects, force, force_basic_auth, group, headers, http_agent, method, mode, owner, remote_src, removes, return_content, selevel, serole, setype, seuser, src, status_code, timeout, unix_socket, unredirected_headers, unsafe_writes, url, url_password, url_username, use_gssapi, use_netrc, use_proxy, validate_certs (attr, password, user).
Origin: /home/jensy/Labs/scenarios/junior/J03/tasks/base.yml:118:3

116     executable: /bin/bash
117
118 - name: Verificar conectividad baseline DESDE client01
      ^ column 3

fatal: [web01 -> client01(192.168.122.21)]: FAILED! => {"attempts": 3, "changed": false, "msg": "Unsupported parameters for (ansible.legacy.uri) module: status. Supported parameters include: attributes, body, body_format, ca_path, ciphers, client_cert, client_key, creates, decompress, dest, follow_redirects, force, force_basic_auth, group, headers, http_agent, method, mode, owner, remote_src, removes, return_content, selevel, serole, setype, seuser, src, status_code, timeout, unix_socket, unredirected_headers, unsafe_writes, url, url_password, url_username, use_gssapi, use_netrc, use_proxy, validate_certs (attr, password, user)."}

PLAY RECAP *********************************************************************
admin01                    : ok=12   changed=1    unreachable=0    failed=0    skipped=1    rescued=0    ignored=0   
client01                   : ok=4    changed=1    unreachable=0    failed=0    skipped=0    rescued=0    ignored=0   
web01                      : ok=13   changed=8    unreachable=0    failed=1    skipped=1    rescued=0    ignored=0   

