
PLAY [J03 | Crear usuario corporativo] *****************************************

TASK [Crear usuario sysadmin-junior] *******************************************
changed: [web01]
changed: [client01]
changed: [admin01]

TASK [Configurar sudo sin password] ********************************************
ok: [web01]
ok: [admin01]
ok: [client01]

PLAY [J03 | Configuración inicial y randomización] *****************************

TASK [1. Cargar catálogos de red J03] ******************************************
ok: [admin01]

TASK [2. Resolver variables de conectividad (puerto, interface, IP...)] ********
included: /home/jensy/Labs/scenarios/junior/J03/vars/resolve.yml for admin01

TASK [Seleccionar elementos aleatorios de conectividad J03] ********************
ok: [admin01]

TASK [Resolver variables globales de red] **************************************
[ERROR]: Task failed: Finalization of task args for 'ansible.builtin.set_fact' failed: Error while resolving value for 'test_command': 'web_url' is undefined

Task failed.
Origin: /home/jensy/Labs/scenarios/junior/J03/vars/resolve.yml:52:3

50   run_once: true
51
52 - name: Resolver variables globales de red
     ^ column 3

<<< caused by >>>

Finalization of task args for 'ansible.builtin.set_fact' failed.
Origin: /home/jensy/Labs/scenarios/junior/J03/vars/resolve.yml:53:3

51
52 - name: Resolver variables globales de red
53   set_fact:
     ^ column 3

<<< caused by >>>

Error while resolving value for 'test_command': 'web_url' is undefined
Origin: /home/jensy/Labs/scenarios/junior/J03/vars/resolve.yml:64:19

62     # URLs y comandos para ticket/verificación
63     web_url: "http://web01.example.com:{{ selected_web_port }}"
64     test_command: "curl -I {{ web_url }} --connect-timeout 5"
                     ^ column 19

fatal: [admin01]: FAILED! => {"changed": false, "msg": "Task failed: Finalization of task args for 'ansible.builtin.set_fact' failed: Error while resolving value for 'test_command': 'web_url' is undefined"}

PLAY RECAP *********************************************************************
admin01                    : ok=5    changed=1    unreachable=0    failed=1    skipped=0    rescued=0    ignored=0   
client01                   : ok=2    changed=1    unreachable=0    failed=0    skipped=0    rescued=0    ignored=0   
web01                      : ok=2    changed=1    unreachable=0    failed=0    skipped=0    rescued=0    ignored=0   

