
PLAY [J01 | Configuración inicial] *********************************************

TASK [Cargar variables principales] ********************************************
ok: [admin01]

TASK [Seleccionar variante aleatoria] ******************************************
ok: [admin01]

TASK [Cargar datos de la variante] *********************************************
ok: [admin01]

TASK [Establecer variables globales] *******************************************
ok: [admin01]

PLAY [J01 | Preparar baseline del servicio] ************************************

TASK [Gathering Facts] *********************************************************
ok: [web01]

TASK [Cargar variables] ********************************************************
ok: [web01]

TASK [Asegurar usuario del servicio] *******************************************
ok: [web01]

TASK [Crear directorio del servicio] *******************************************
ok: [web01]

TASK [Crear script de inicio del servicio] *************************************
changed: [web01]

TASK [Crear unidad systemd del servicio] ***************************************
changed: [web01]

TASK [Registrar baseline en log] ***********************************************
ok: [web01]

PLAY [J01 | Inyectar fallo] ****************************************************

TASK [Cargar variables] ********************************************************
ok: [web01]

TASK [Ejecutar inyección] ******************************************************
included: /home/jensy/GitHub/Labs/scenarios/junior/J01/inject/variant_4.yml for web01

TASK [Asegurar usuario del servicio existe] ************************************
ok: [web01]

TASK [Asegurar script con permisos correctos] **********************************
changed: [web01]

TASK [Crear archivo de configuración requerido por el servicio] ****************
ok: [web01]

TASK [Configurar unit file con EnvironmentFile] ********************************
changed: [web01]

TASK [Recargar systemd] ********************************************************
changed: [web01]

TASK [Intentar iniciar servicio (fallará)] *************************************
changed: [web01]

TASK [Registrar variante 4 en log] *********************************************
ok: [web01]

PLAY [J01 | Observación del impacto] *******************************************

TASK [Cargar variables para cliente] *******************************************
ok: [client01]

TASK [Verificar servicio DESDE client01 → web01] *******************************
