
PLAY [J03 | Resolve variables del escenario] ***********************************

TASK [Resolver variables J03] **************************************************
included: /home/jensy/Labs/scenarios/junior/J03/vars/resolve.yml for admin01, web01, client01

TASK [J03 | Cargar variables base del escenario] *******************************
ok: [admin01]
ok: [web01]
ok: [client01]

TASK [J03 | Resolver parámetros aleatorios del escenario] **********************
ok: [admin01]

TASK [J03 | Resolver variables adicionales para Variant 2] *********************
ok: [admin01]

TASK [J03 | Construir variables derivadas de contexto] *************************
ok: [admin01]

TASK [ASSERT | variants debe ser una lista] ************************************
ok: [web01] => {
    "changed": false,
    "msg": "All assertions passed"
}
ok: [admin01] => {
    "changed": false,
    "msg": "All assertions passed"
}
ok: [client01] => {
    "changed": false,
    "msg": "All assertions passed"
}

TASK [J03 | Seleccionar variante del incidente] ********************************
ok: [admin01]

TASK [J03 | Marcar resolución del escenario como completada] *******************
ok: [admin01]

PLAY [J03 | Propagar variables globales] ***************************************

TASK [Obtener variables del admin01] *******************************************
ok: [admin01]

PLAY [J03 | Aplicar baselines canónicos] ***************************************

TASK [Baseline | Usuarios corporativos] ****************************************
included: /home/jensy/Labs/scenarios/baselines/users.yml for admin01, web01, client01

TASK [USERS | Crear grupo sysadmin] ********************************************
ok: [admin01]
ok: [client01]
changed: [web01]

TASK [USERS | Crear usuario sysadmin] ******************************************
ok: [admin01]
ok: [client01]
changed: [web01]

TASK [USERS | Configurar sudo sin password] ************************************
ok: [client01]
ok: [admin01]
changed: [web01]

TASK [Baseline | Red funcional] ************************************************
included: /home/jensy/Labs/scenarios/baselines/network.yml for admin01, web01, client01

TASK [NETWORK | Recolectar facts de red] ***************************************
ok: [web01]
ok: [client01]
ok: [admin01]

TASK [NETWORK | NetworkManager instalado] **************************************
ok: [admin01]
ok: [client01]
ok: [web01]

TASK [NETWORK | NetworkManager activo] *****************************************
ok: [client01]
ok: [admin01]
ok: [web01]

TASK [NETWORK | Estado de interfaces (informativo)] ****************************
ok: [admin01]
ok: [client01]
ok: [web01]

TASK [NETWORK | Verificar conectividad IPv4 básica] ****************************
ok: [admin01] => {
    "changed": false,
    "msg": "✓ Conectividad IPv4 detectada (192.168.122.20)"
}
ok: [web01] => {
    "changed": false,
    "msg": "✓ Conectividad IPv4 detectada (192.168.122.22)"
}
ok: [client01] => {
    "changed": false,
    "msg": "✓ Conectividad IPv4 detectada (192.168.122.21)"
}

TASK [NETWORK | Paquetes de diagnóstico instalados] ****************************
ok: [admin01]
ok: [web01]
ok: [client01]

TASK [Baseline | Acceso SSH] ***************************************************
included: /home/jensy/Labs/scenarios/baselines/ssh.yml for admin01, web01, client01

TASK [SSH | OpenSSH instalado] *************************************************
ok: [web01]
ok: [admin01]
ok: [client01]

TASK [SSH | Servicio activo] ***************************************************
ok: [admin01]
ok: [client01]
ok: [web01]

TASK [Baseline | Servicio Web] *************************************************
skipping: [admin01]
skipping: [client01]
included: /home/jensy/Labs/scenarios/baselines/web.yml for web01

TASK [WEB | Verificar si el escenario requiere servicio web] *******************
ok: [web01]

TASK [WEB | Mostrar aviso si web no aplica] ************************************
skipping: [web01]

TASK [WEB | Recolectar facts del sistema] **************************************
ok: [web01]

TASK [WEB | Instalar servicio web] *********************************************
ok: [web01]

TASK [WEB | Detener servicio (por seguridad)] **********************************
changed: [web01]

TASK [WEB | Configurar puerto nginx (conf.d)] **********************************
changed: [web01]

TASK [WEB | Configurar puerto httpd] *******************************************
skipping: [web01]

TASK [WEB | Crear página web canónica] *****************************************
changed: [web01]

TASK [WEB | Iniciar y habilitar servicio (SIEMPRE PASA)] ***********************
changed: [web01]

TASK [WEB | Validar servicio local (opcional)] *********************************
ok: [web01]

TASK [WEB | Reporte final baseline] ********************************************
ok: [web01] => {
    "msg": "✅ WEB BASELINE COMPLETADO:\n  * Servicio: nginx\n  * Puerto: 80\n  * Local check: 200\n  * Listo para INJECT...\n"
}

TASK [Baseline | Firewall limpio] **********************************************
skipping: [admin01]
skipping: [client01]
included: /home/jensy/Labs/scenarios/baselines/firewall.yml for web01

TASK [FIREWALL | Instalar firewalld] *******************************************
ok: [web01]

TASK [FIREWALL | Iniciar y habilitar firewalld] ********************************
ok: [web01]

TASK [FIREWALL | Verificar estado del servicio] ********************************
ok: [web01]

TASK [FIREWALL | Obtener zona por defecto] *************************************
ok: [web01]

TASK [FIREWALL | Obtener zonas activas] ****************************************
ok: [web01]

PLAY [J03 | Validar baseline (TODO FUNCIONA)] **********************************

TASK [VALIDAR | Conectividad web01 → 200 OK] ***********************************
ok: [client01]

TASK [VALIDAR | Reporte PRE-INJECT] ********************************************
ok: [client01] => {
    "msg": "✅ SISTEMA FUNCIONAL ANTES DE INJECT:\n  * web_url: http://192.168.122.22:80\n  * Status: 200\n  * Listo para INYECCIÓN DE FALLA...\n"
}

TASK [VALIDAR | Pausa dramática] ***********************************************
Pausing for 2 seconds
(ctrl+C then 'C' = continue early, ctrl+C then 'A' = abort)
[VALIDAR | Pausa dramática]
🎬 Presiona Enter para INYECTAR el incidente...:
ok: [client01]

PLAY [J03 | Inyectar incidente] ************************************************

TASK [Ejecutar variante seleccionada] ******************************************
included: /home/jensy/Labs/scenarios/junior/J03/inject/variant_2.yml for web01

TASK [V2 | Detectar interfaz activa automáticamente] ***************************
ok: [web01]

TASK [V2 | Asignar global_connection_name e interfaz] **************************
ok: [web01]

TASK [V2 | Backup conexión actual] *********************************************
changed: [web01]

TASK [V2 | Cambiar gateway y métrica (ruido)] **********************************
changed: [web01]

TASK [V2 | CAUSA RAÍZ — agregar IP incorrecta como secundaria] *****************
changed: [web01]

TASK [V2 | Mostrar rutas y DNS para confusión] *********************************
changed: [web01]

TASK [V2 | Verificar nginx sigue vivo localmente] ******************************
ok: [web01]

TASK [V2 | 🎫 MOSTRAR TICKET — Incidente NOC detectado] ************************
ok: [web01] => {
    "msg": [
        "===================================================================================================",
        " 🚨 LAB J03 — INCIDENTE NOC CRÍTICO 🚨",
        " VARIANTE 2: IP ESTÁTICA ERRÓNEA (nmcli)",
        "===================================================================================================",
        "",
        "📋 ESCENARIO:",
        "   Cliente client01 reporta \"No route to host\" hacia http://192.168.122.22:80",
        "   ✅ nginx localhost:80 sigue RESPONDIENDO 200 OK",
        "   ❌ Pero desde client01 → No se puede conectar, IP del servidor incorrecta",
        "",
        "📍 DETALLES:",
        "   IP actual: 192.168.122.99/24",
        "   Gateway: 192.168.122.99",
        "   Interfaz física: enp1s0",
        "   Local check: 200",
        "   Rutas y DNS:",
        "default via 192.168.122.99 dev enp1s0 proto static metric 999 \n   192.168.122.0/24 dev enp1s0 proto kernel scope link src 192.168.122.22 metric 999 \n   192.168.122.0/24 dev enp1s0 proto kernel scope link src 192.168.122.99 metric 999 \n   # Generated by NetworkManager\n   search example.com\n   nameserver 192.168.122.1",
        "",
        "🔍 COMANDOS PARA DIAGNÓSTICO:",
        "   nmcli con show enp1s0  → IP incorrecta ✗",
        "   ip a                                     → IP fuera de rango ✗",
        "   ip route                                 → Gateway / métricas sospechosas",
        "   ss -tuln                                 → nginx LISTEN ✓",
        "   firewall-cmd --list-all                  → Puerto OK ✓",
        "",
        "🎯 SOLUCIÓN ESPERADA:",
        "   nmcli connection modify enp1s0 ipv4.addresses 192.168.122.22/24 ipv4.method manual",
        "   nmcli connection up enp1s0",
        "",
        "👤 ACCESO: ssh student@192.168.122.22",
        "==================================================================================================="
    ]
}

PLAY RECAP *********************************************************************
admin01                    : ok=23   changed=0    unreachable=0    failed=0    skipped=2    rescued=0    ignored=0   
client01                   : ok=20   changed=0    unreachable=0    failed=0    skipped=2    rescued=0    ignored=0   
web01                      : ok=42   changed=11   unreachable=0    failed=0    skipped=2    rescued=0    ignored=0   

