
PLAY [J03 | Resolve variables del escenario] ***********************************

TASK [Resolver variables J03] **************************************************
included: /home/jensy/Labs/scenarios/junior/J03/vars/resolve.yml for admin01

TASK [J03 | Cargar variables base del escenario] *******************************
ok: [admin01]

TASK [J03 | Resolver parámetros aleatorios del escenario] **********************
ok: [admin01]

TASK [J03 | Construir variables derivadas de contexto] *************************
ok: [admin01]

TASK [ASSERT | variants debe ser una lista] ************************************
ok: [admin01] => {
    "changed": false,
    "msg": "All assertions passed"
}

TASK [J03 | Seleccionar variante del incidente] ********************************
ok: [admin01]

TASK [ASSERT | Existe inject y ticket para la variante seleccionada] ***********
ok: [admin01] => {
    "changed": false,
    "msg": "All assertions passed"
}

TASK [J03 | Marcar resolución del escenario como completada] *******************
ok: [admin01]

PLAY [J03 | Aplicar baselines canónicos] ***************************************

TASK [Baseline | Usuarios corporativos] ****************************************
included: /home/jensy/Labs/scenarios/baselines/users.yml for admin01, web01, client01

TASK [USERS | Crear grupo sysadmin] ********************************************
ok: [admin01]
ok: [client01]
ok: [web01]

TASK [USERS | Crear usuario sysadmin] ******************************************
ok: [web01]
ok: [client01]
ok: [admin01]

TASK [USERS | Configurar sudo sin password] ************************************
ok: [client01]
ok: [web01]
ok: [admin01]

TASK [Baseline | Red funcional] ************************************************
included: /home/jensy/Labs/scenarios/baselines/network.yml for admin01, web01, client01

TASK [NETWORK | Recolectar facts de red] ***************************************
ok: [web01]
ok: [client01]
ok: [admin01]

TASK [NETWORK | NetworkManager instalado] **************************************
ok: [web01]
ok: [client01]
ok: [admin01]

TASK [NETWORK | NetworkManager activo] *****************************************
ok: [client01]
ok: [web01]
ok: [admin01]

TASK [NETWORK | Estado de interfaces (informativo)] ****************************
ok: [client01]
ok: [admin01]
ok: [web01]

TASK [NETWORK | Verificar conectividad IPv4 básica] ****************************
ok: [web01] => {
    "changed": false,
    "msg": "✓ Conectividad IPv4 detectada (192.168.122.22)"
}
ok: [admin01] => {
    "changed": false,
    "msg": "✓ Conectividad IPv4 detectada (192.168.122.20)"
}
ok: [client01] => {
    "changed": false,
    "msg": "✓ Conectividad IPv4 detectada (192.168.122.21)"
}

TASK [NETWORK | Paquetes de diagnóstico instalados] ****************************
ok: [web01]
ok: [admin01]
ok: [client01]

TASK [Baseline | Acceso SSH] ***************************************************
included: /home/jensy/Labs/scenarios/baselines/ssh.yml for admin01, web01, client01

TASK [SSH | OpenSSH instalado] *************************************************
ok: [admin01]
ok: [web01]
ok: [client01]

TASK [SSH | Servicio activo] ***************************************************
ok: [client01]
ok: [web01]
ok: [admin01]

TASK [Baseline | Servicio Web] *************************************************
skipping: [admin01]
skipping: [client01]
included: /home/jensy/Labs/scenarios/baselines/web.yml for web01

TASK [WEB | Verificar si el escenario requiere servicio web] *******************
ok: [web01]

TASK [WEB | Mostrar aviso si web no aplica] ************************************
ok: [web01] => {
    "msg": "ℹ️ Baseline web omitido: el escenario no define servicio web"
}

TASK [WEB | Recolectar facts del sistema] **************************************
skipping: [web01]

TASK [WEB | Instalar servicio web] *********************************************
skipping: [web01]

TASK [WEB | Detener servicio] **************************************************
skipping: [web01]

TASK [WEB | Configurar puerto nginx (conf.d)] **********************************
skipping: [web01]

TASK [WEB | Configurar puerto httpd] *******************************************
skipping: [web01]

TASK [WEB | Crear página web canónica] *****************************************
skipping: [web01]

TASK [WEB | Iniciar y habilitar servicio] **************************************
skipping: [web01]

TASK [WEB | Validar servicio web local] ****************************************
skipping: [web01]

TASK [Baseline | Firewall limpio] **********************************************
skipping: [admin01]
skipping: [client01]
included: /home/jensy/Labs/scenarios/baselines/firewall.yml for web01

TASK [FIREWALL | Instalar firewalld] *******************************************
ok: [web01]

TASK [FIREWALL | Iniciar y habilitar firewalld] ********************************
ok: [web01]

TASK [FIREWALL | Verificar estado del servicio] ********************************
[ERROR]: Task failed: Module failed: non-zero return code
Origin: /home/jensy/Labs/scenarios/baselines/firewall.yml:47:3

45 # Validación básica
46 # ---------------------------------------------------------------------------
47 - name: FIREWALL | Verificar estado del servicio
     ^ column 3

fatal: [web01]: FAILED! => {"changed": false, "cmd": ["firewall-cmd", "--state"], "delta": "0:00:00.636895", "end": "2026-01-10 13:20:32.765729", "failed_when_result": true, "msg": "non-zero return code", "rc": 253, "start": "2026-01-10 13:20:32.128834", "stderr": "Authorization failed.\n    Make sure polkit agent is running or run the application as superuser.", "stderr_lines": ["Authorization failed.", "    Make sure polkit agent is running or run the application as superuser."], "stdout": "", "stdout_lines": []}

PLAY [J03 | Inyectar incidente] ************************************************

PLAY [J03 | Mostrar ticket del incidente (dinámico)] ***************************

TASK [Mostrar ticket J03 según variante seleccionada] **************************
[ERROR]: Task failed: Finalization of task args for 'ansible.builtin.debug' failed: Error while resolving value for 'msg': The lookup plugin 'template' failed: the template file scenarios/junior/J03/tickets/variant_1 could not be found for the lookup

Task failed.
Origin: /home/jensy/Labs/scenarios/junior/J03/J03.yml:70:7

68   gather_facts: no
69   tasks:
70     - name: Mostrar ticket J03 según variante seleccionada
         ^ column 7

<<< caused by >>>

Finalization of task args for 'ansible.builtin.debug' failed.
Origin: /home/jensy/Labs/scenarios/junior/J03/J03.yml:71:7

69   tasks:
70     - name: Mostrar ticket J03 según variante seleccionada
71       debug:
         ^ column 7

<<< caused by >>>

Error while resolving value for 'msg': The lookup plugin 'template' failed: the template file scenarios/junior/J03/tickets/variant_1 could not be found for the lookup
Origin: /home/jensy/Labs/scenarios/junior/J03/J03.yml:72:14

70     - name: Mostrar ticket J03 según variante seleccionada
71       debug:
72         msg: "{{ lookup('template', 'scenarios/junior/J03/tickets/' ~ global_selected_variant) }}"
                ^ column 14

fatal: [admin01]: FAILED! => {"msg": "Task failed: Finalization of task args for 'ansible.builtin.debug' failed: Error while resolving value for 'msg': The lookup plugin 'template' failed: the template file scenarios/junior/J03/tickets/variant_1 could not be found for the lookup"}

PLAY RECAP *********************************************************************
admin01                    : ok=22   changed=0    unreachable=0    failed=1    skipped=2    rescued=0    ignored=0   
client01                   : ok=14   changed=0    unreachable=0    failed=0    skipped=2    rescued=0    ignored=0   
web01                      : ok=20   changed=0    unreachable=0    failed=1    skipped=8    rescued=0    ignored=0   

