
PLAY [J02 | Crear usuario corporativo] *****************************************

TASK [Crear usuario sysadmin-junior] *******************************************
changed: [client01]
changed: [admin01]
changed: [web01]

TASK [Configurar sudo sin password] ********************************************
changed: [web01]
changed: [client01]
changed: [admin01]

PLAY [J02 | Configuración inicial] *********************************************

TASK [Cargar variables principales] ********************************************
ok: [admin01]

TASK [Seleccionar elementos aleatorios para esta ejecución] ********************
ok: [admin01]

TASK [Seleccionar variante aleatoria] ******************************************
ok: [admin01]

TASK [Cargar datos de la variante] *********************************************
ok: [admin01]

TASK [Establecer variables globales de la ejecución] ***************************
ok: [admin01]

PLAY [J02 | Preparar baseline del sistema] *************************************

TASK [Gathering Facts] *********************************************************
ok: [admin01]
ok: [client01]
ok: [web01]

TASK [Crear servicio systemd desde template] ***********************************
[ERROR]: Task failed: Finalization of task args for 'ansible.builtin.template' failed: Error while resolving value for 'dest': 'global_service_name' is undefined

Task failed.
Origin: /home/jensy/Labs/scenarios/junior/J02/tasks/base.yml:2:3

1 # Añadir estas tareas a base.yml
2 - name: Crear servicio systemd desde template
    ^ column 3

<<< caused by >>>

Finalization of task args for 'ansible.builtin.template' failed.
Origin: /home/jensy/Labs/scenarios/junior/J02/tasks/base.yml:3:3

1 # Añadir estas tareas a base.yml
2 - name: Crear servicio systemd desde template
3   template:
    ^ column 3

<<< caused by >>>

Error while resolving value for 'dest': 'global_service_name' is undefined
Origin: /home/jensy/Labs/scenarios/junior/J02/tasks/base.yml:5:11

3   template:
4     src: service-template.service.j2
5     dest: "/etc/systemd/system/{{ global_service_name }}.service"
            ^ column 11

fatal: [web01]: FAILED! => {"changed": false, "msg": "Task failed: Finalization of task args for 'ansible.builtin.template' failed: Error while resolving value for 'dest': 'global_service_name' is undefined"}
fatal: [client01]: FAILED! => {"changed": false, "msg": "Task failed: Finalization of task args for 'ansible.builtin.template' failed: Error while resolving value for 'dest': 'global_service_name' is undefined"}
changed: [admin01]

TASK [Crear script de inicio desde template] ***********************************
[ERROR]: Task failed: Module failed: Destination directory /opt/report-generator does not exist
Origin: /home/jensy/Labs/scenarios/junior/J02/tasks/base.yml:10:3

 8     mode: '0644'
 9
10 - name: Crear script de inicio desde template
     ^ column 3

fatal: [admin01]: FAILED! => {"changed": false, "checksum": "6e6132cedf381c20942c693e7d9cb855c9edfc79", "msg": "Destination directory /opt/report-generator does not exist"}

PLAY RECAP *********************************************************************
admin01                    : ok=9    changed=3    unreachable=0    failed=1    skipped=0    rescued=0    ignored=0   
client01                   : ok=3    changed=2    unreachable=0    failed=1    skipped=0    rescued=0    ignored=0   
web01                      : ok=3    changed=2    unreachable=0    failed=1    skipped=0    rescued=0    ignored=0   

