
PLAY [J03 | Resolve variables del escenario] ***********************************

TASK [Resolver variables J03] **************************************************
included: /home/jensy/Labs/scenarios/junior/J03/vars/resolve.yml for admin01, web01, client01

TASK [J03 | Cargar variables base del escenario] *******************************
ok: [admin01]
ok: [web01]
ok: [client01]

TASK [J03 | Resolver parámetros aleatorios del escenario] **********************
ok: [admin01]

TASK [J03 | Resolver variables adicionales para Variant 2] *********************
ok: [admin01]

TASK [J03 | Construir variables derivadas de contexto] *************************
ok: [admin01]

TASK [ASSERT | variants debe ser una lista] ************************************
ok: [web01] => {
    "changed": false,
    "msg": "All assertions passed"
}
ok: [admin01] => {
    "changed": false,
    "msg": "All assertions passed"
}
ok: [client01] => {
    "changed": false,
    "msg": "All assertions passed"
}

TASK [J03 | Seleccionar variante del incidente] ********************************
ok: [admin01]

TASK [J03 | Marcar resolución del escenario como completada] *******************
ok: [admin01]

PLAY [J03 | Propagar variables globales] ***************************************

TASK [Obtener variables del admin01] *******************************************
ok: [admin01]

PLAY [J03 | Ejecutar baseline de la variante] **********************************

TASK [Ejecutar baseline de la variante seleccionada] ***************************
fatal: [admin01]: FAILED! => {"changed": false, "include": "variant_variant_1/ baseline_variant_1.yml\n", "reason": "Could not find or access '/home/jensy/Labs/scenarios/junior/J03/variant_variant_1/ baseline_variant_1.yml\n' on the Ansible Controller: Unable to retrieve file contents.\nCould not find or access '/home/jensy/Labs/scenarios/junior/J03/variant_variant_1/ baseline_variant_1.yml\n' on the Ansible Controller.\nIf you are using a module and expect the file to exist on the remote, see the remote_src option: [Errno 2] Arquivo ou diretório inexistente: '/home/jensy/Labs/scenarios/junior/J03/variant_variant_1/ baseline_variant_1.yml\\n'"}
fatal: [client01]: FAILED! => {"changed": false, "include": "variant_variant_1/ baseline_variant_1.yml\n", "reason": "Could not find or access '/home/jensy/Labs/scenarios/junior/J03/variant_variant_1/ baseline_variant_1.yml\n' on the Ansible Controller: Unable to retrieve file contents.\nCould not find or access '/home/jensy/Labs/scenarios/junior/J03/variant_variant_1/ baseline_variant_1.yml\n' on the Ansible Controller.\nIf you are using a module and expect the file to exist on the remote, see the remote_src option: [Errno 2] Arquivo ou diretório inexistente: '/home/jensy/Labs/scenarios/junior/J03/variant_variant_1/ baseline_variant_1.yml\\n'"}
fatal: [web01]: FAILED! => {"changed": false, "include": "variant_variant_1/ baseline_variant_1.yml\n", "reason": "Could not find or access '/home/jensy/Labs/scenarios/junior/J03/variant_variant_1/ baseline_variant_1.yml\n' on the Ansible Controller: Unable to retrieve file contents.\nCould not find or access '/home/jensy/Labs/scenarios/junior/J03/variant_variant_1/ baseline_variant_1.yml\n' on the Ansible Controller.\nIf you are using a module and expect the file to exist on the remote, see the remote_src option: [Errno 2] Arquivo ou diretório inexistente: '/home/jensy/Labs/scenarios/junior/J03/variant_variant_1/ baseline_variant_1.yml\\n'"}

PLAY RECAP *********************************************************************
admin01                    : ok=9    changed=0    unreachable=0    failed=1    skipped=0    rescued=0    ignored=0   
client01                   : ok=3    changed=0    unreachable=0    failed=1    skipped=0    rescued=0    ignored=0   
web01                      : ok=3    changed=0    unreachable=0    failed=1    skipped=0    rescued=0    ignored=0   

