
PLAY [J03 | Crear usuario corporativo] *****************************************

TASK [Crear usuario sysadmin-junior] *******************************************
changed: [web01]
changed: [admin01]
changed: [client01]

TASK [Configurar sudo sin password] ********************************************
ok: [client01]
ok: [admin01]
ok: [web01]

PLAY [J03 | Configuración inicial y randomización] *****************************

TASK [1. Cargar catálogos de red J03] ******************************************
ok: [admin01]

TASK [2. Resolver variables de conectividad (puerto, interface, IP...)] ********
included: /home/jensy/Labs/scenarios/junior/J03/vars/resolve.yml for admin01

TASK [Seleccionar elementos aleatorios de conectividad J03] ********************
ok: [admin01]

TASK [Resolver variables globales de red (configuración)] **********************
ok: [admin01]

TASK [Resolver variables globales de red (URLs y comandos)] ********************
ok: [admin01]

TASK [Seleccionar variante del incidente de conectividad] **********************
ok: [admin01]

TASK [Marcar resolución J03 completada] ****************************************
ok: [admin01]

TASK [Normalizar puerto web según servicio] ************************************
skipping: [admin01]

TASK [3. Cargar datos del ticket específico] ***********************************
ok: [admin01]

TASK [4. Publicar variante global] *********************************************
ok: [admin01]

PLAY [J03 | Propagar variables globales de red] ********************************

TASK [Gathering Facts] *********************************************************
ok: [admin01]
ok: [web01]
ok: [client01]

TASK [Sincronizar variables DESDE admin01] *************************************
skipping: [admin01]
ok: [web01]
ok: [client01]

PLAY [J03 | Crear baseline FUNCIONAL en web01] *********************************

TASK [Gathering Facts] *********************************************************
ok: [web01]

TASK [Instalar servicio web según variante] ************************************
ok: [web01]

TASK [Asegurar puerto libre antes de configurar] *******************************
changed: [web01]

TASK [Configurar puerto nginx (443)] *******************************************
changed: [web01]

TASK [Configurar puerto httpd (443)] *******************************************
skipping: [web01]

TASK [Crear página de prueba para baseline] ************************************
changed: [web01]

TASK [Asegurar permisos página de prueba] **************************************
ok: [web01]

TASK [Iniciar y habilitar servicio web] ****************************************
changed: [web01]

TASK [Configurar IP correcta 192.168.122.22/24 (baseline)] *********************
changed: [web01]

TASK [Activar interfaz de red] *************************************************
changed: [web01]

TASK [Abrir puerto 443/tcp en firewalld (baseline)] ****************************
changed: [web01]

TASK [Reload firewalld] ********************************************************
changed: [web01]

TASK [Alternativa - Abrir servicio firewalld] **********************************
changed: [web01]

TASK [Verificar conectividad web DESDE client01] *******************************
[ERROR]: Task failed: Error processing keyword 'ignore_errors': 'inject_expected' is undefined

Task failed.
Origin: /home/jensy/Labs/scenarios/junior/J03/tasks/base.yml:146:3

144     executable: /bin/bash
145
146 - name: Verificar conectividad web DESDE client01
      ^ column 3

<<< caused by >>>

Error processing keyword 'ignore_errors': 'inject_expected' is undefined
Origin: /home/jensy/Labs/scenarios/junior/J03/tasks/base.yml:156:18

154     (web_check.status is defined and web_check.status != 200)
155     and (not inject_expected)
156   ignore_errors: "{{ inject_expected }}"
                     ^ column 18

fatal: [web01 -> client01]: FAILED! => {"changed": false, "msg": "Task failed: Error processing keyword 'ignore_errors': 'inject_expected' is undefined"}
...ignoring

TASK [Confirmar estado esperado de conectividad] *******************************
[ERROR]: Task failed: Finalization of task args for 'ansible.builtin.debug' failed: Error while resolving value for 'msg': 'inject_expected' is undefined

Task failed.
Origin: /home/jensy/Labs/scenarios/junior/J03/tasks/base.yml:158:3

156   ignore_errors: "{{ inject_expected }}"
157
158 - name: Confirmar estado esperado de conectividad
      ^ column 3

<<< caused by >>>

Finalization of task args for 'ansible.builtin.debug' failed.
Origin: /home/jensy/Labs/scenarios/junior/J03/tasks/base.yml:159:3

157
158 - name: Confirmar estado esperado de conectividad
159   debug:
      ^ column 3

<<< caused by >>>

Error while resolving value for 'msg': 'inject_expected' is undefined
Origin: /home/jensy/Labs/scenarios/junior/J03/tasks/base.yml:160:10

158 - name: Confirmar estado esperado de conectividad
159   debug:
160     msg: >-
             ^ column 10

fatal: [web01]: FAILED! => {"msg": "Task failed: Finalization of task args for 'ansible.builtin.debug' failed: Error while resolving value for 'msg': 'inject_expected' is undefined"}

PLAY RECAP *********************************************************************
admin01                    : ok=12   changed=1    unreachable=0    failed=0    skipped=2    rescued=0    ignored=0   
client01                   : ok=4    changed=1    unreachable=0    failed=0    skipped=0    rescued=0    ignored=0   
web01                      : ok=17   changed=10   unreachable=0    failed=1    skipped=1    rescued=0    ignored=1   

