
PLAY [J01 - Orquestador de variantes de redes] *********************************

TASK [Elegir variante aleatoriamente] ******************************************
ok: [web01]

TASK [Debug - Verificar variante seleccionada] *********************************
ok: [web01] => {
    "global_selected_variant": "variant_2.yml"
}

TASK [Mostrar comandos de prueba desde CLIENT01 (solo VARIANT_2)] **************
ok: [web01] => {
    "msg": [
        "======================================================",
        "📌 Comandos de prueba recomendados",
        "======================================================",
        "traceroute -n 192.168.122.50",
        "ping -c 4 192.168.122.50",
        "curl http://192.168.122.50",
        "mysql -h 192.168.122.60 -u root -p",
        "======================================================"
    ]
}

TASK [Mostrar ticket con estilo caja] ******************************************
ok: [web01] => {
    "msg": [
        "========================================================================",
        "|                  J01 – Laboratorio de Redes                           |",
        "-------------------------------------------------------------------------",
        "| Jensy, recuerda que Linux es un ecosistema interconectado             |",
        "| - Clientes, servidores, firewalls interactúan.                        |",
        "| - Un fallo en la conectividad no siempre significa un servicio caído. |",
        "| - Diferencia protocolos y evalúa el impacto antes de actuar.          |",
        "========================================================================="
    ]
}

TASK [Mostrar comandos de prueba desde CLIENT01 (solo VARIANT_2)] **************
ok: [web01] => {
    "msg": [
        "======================================================",
        "📌 Comandos de prueba recomendados para VARIANT_2:",
        "======================================================",
        "traceroute -n 192.168.122.50",
        "ping -c 4 192.168.122.50",
        "curl http://192.168.122.50",
        "mysql -h 192.168.122.60 -u root -p",
        "======================================================"
    ]
}

TASK [Esperar que el usuario presione Enter] ***********************************
[[[K[Esperar que el usuario presione Enter]
Presiona ENTER para continuar...:
ok: [web01]

TASK [Ejecutar la variante seleccionada] ***************************************
included: /home/jensy/Labs/scenarios/junior/J01/variant_2.yml for web01

TASK [[PREPARACIÓN] Asegurar firewalld activo] *********************************
ok: [web01]

TASK [Agregar regla directa] ***************************************************
[ERROR]: Task failed: Module failed: Unsupported parameters for (ansible.legacy.command) module: warn. Supported parameters include: _raw_params, _uses_shell, argv, chdir, cmd, creates, executable, expand_argument_vars, removes, stdin, stdin_add_newline, strip_empty_ends.
Origin: /home/jensy/Labs/scenarios/junior/J01/variant_2.yml:65:7

63 - name: "[CONFIGURACIÓN] Bloquear ICMP tipo 11 (TTL exceeded)"
64   block:
65     - name: "Agregar regla directa"
         ^ column 7

fatal: [web01]: FAILED! => {"changed": false, "msg": "Unsupported parameters for (ansible.legacy.command) module: warn. Supported parameters include: _raw_params, _uses_shell, argv, chdir, cmd, creates, executable, expand_argument_vars, removes, stdin, stdin_add_newline, strip_empty_ends."}

TASK [Mensaje de fallback] *****************************************************
ok: [web01] => {
    "msg": "No se pudo configurar firewalld, pero continuamos..."
}

TASK [[VERIFICACIÓN] Confirmar regla ICMP TTL exceeded] ************************
ok: [web01]

TASK [[TICKET NOC] INC-J01-V2 - Usuario reporta conectividad parcial] **********
ok: [web01] => {
    "msg": [
        "=========================================================================",
        "| 🎫 INC-J01-V2 – CLIENTE NO PUEDE TRACEROUTE HACIA SERVIDORES           |",
        "| PRIORIDAD: 🟡 MEDIA | IMPACTO: REPORTADO POR CLIENTE                   |",
        "=========================================================================",
        "| 📋 DESCRIPCIÓN USUARIO:                                               |",
        "| 'Desde CLIENT01 (192.168.122.21) no puedo traceroute a:'              |",
        "| • Servidor Web (192.168.122.50)                                       |",
        "| • Servidor DB (192.168.122.60)                                        |",
        "| 'Ping y servicios críticos siguen funcionando.'                        |",
        "-------------------------------------------------------------------------",
        "| 📊 METADATOS TÉCNICOS:                                                |",
        "| • Reportado: CLIENT01 → WEB(.50) + DB(.60)                            |",
        "| • Protocolos afectados: ICMP tipo 11 (TTL exceeded)                   |",
        "| • Impacto real: traceroute bloqueado, servicios TCP/UDP normales      |",
        "-------------------------------------------------------------------------",
        "| 💭 OBSERVACIONES INICIALES:                                            |",
        "| • Esto NO indica que el servidor esté caído                           |",
        "| • Ping sigue respondiendo correctamente                                |",
        "| • HTTP y MariaDB siguen accesibles                                     |",
        "-------------------------------------------------------------------------",
        "| 🎯 TU MISIÓN:                                                          |",
        "| Diagnosticar conectividad desde cliente y servidor                     |",
        "| Validar qué protocolos están afectados                                 |",
        "| Documentar hallazgo y lección aprendida                                |",
        "=========================================================================",
        "| ⏰ EJECUTAR PRUEBAS DESDE CLIENTE:                                     |",
        "| traceroute -n 192.168.122.50                                           |",
        "| traceroute -n 192.168.122.60                                           |",
        "| ping -c 4 192.168.122.50                                               |",
        "| ping -c 4 192.168.122.60                                               |",
        "| curl http://192.168.122.50                                             |",
        "| mysql -h 192.168.122.60 -u root -p                                      |",
        "========================================================================="
    ]
}

PLAY RECAP *********************************************************************
web01                      : ok=11   changed=0    unreachable=0    failed=0    skipped=0    rescued=1    ignored=0   

