
PLAY [J01 - Orquestador de variantes de redes] *********************************

TASK [Elegir variante aleatoriamente] ******************************************
ok: [web01]

TASK [Debug - Verificar variante seleccionada] *********************************
ok: [web01] => {
    "global_selected_variant": "variant_1.yml"
}

TASK [Mostrar ticket con estilo caja] ******************************************
ok: [web01] => {
    "msg": [
        "========================================================================",
        "|                  J01 – Laboratorio de Redes                           |",
        "-------------------------------------------------------------------------",
        "| Junior, recuerda que Linux es un ecosistema interconectado            |",
        "| - Clientes, servidores, firewalls interactúan.                        |",
        "| - Un fallo en la conectividad no siempre significa un servicio caído. |",
        "| - Diferencia protocolos y evalúa el impacto antes de actuar.          |",
        "========================================================================="
    ]
}

TASK [Esperar que el usuario presione Enter] ***********************************
[[[K[Esperar que el usuario presione Enter]
Presiona ENTER para continuar...:
ok: [web01]

TASK [Ejecutar la variante seleccionada] ***************************************
included: /home/jensy/Labs/scenarios/junior/J01/variant_1.yml for web01

TASK [[PREPARACIÓN] Asegurar firewalld activo y habilitado al boot] ************
ok: [web01]

TASK [[CONFIGURACIÓN] Bloquear ICMP echo-request de CLIENT01 (192.168.122.21)  en zona public] ***
[ERROR]: Task failed: Module failed: ERROR: Exception caught: INVALID_RULE: internal error in _lexer(): [rule family=ipv4 source address=192.168.122.21 icmp-type name=echo-request drop]
Origin: /home/jensy/Labs/scenarios/junior/J01/variant_1.yml:64:3

62 # REGLA FIREWALL: Bloqueo específico ICMP echo-request desde CLIENT01
63 # ------------------------------------------------------------------------------
64 - name: >-
     ^ column 3

fatal: [web01]: FAILED! => {"changed": false, "msg": "ERROR: Exception caught: INVALID_RULE: internal error in _lexer(): [rule family=ipv4 source address=192.168.122.21 icmp-type name=echo-request drop]"}

PLAY RECAP *********************************************************************
web01                      : ok=6    changed=0    unreachable=0    failed=1    skipped=0    rescued=0    ignored=0   

