
PLAY [J03 | Crear usuario corporativo] *****************************************

TASK [Crear usuario sysadmin-junior] *******************************************
changed: [client01]
changed: [web01]
changed: [admin01]

TASK [Configurar sudo sin password] ********************************************
changed: [web01]
changed: [client01]
changed: [admin01]

PLAY [J03 | Configuración inicial y randomización] *****************************

TASK [1. Cargar catálogos de red J03] ******************************************
ok: [admin01]

TASK [2. Resolver variables de conectividad (puerto, interface, IP...)] ********
included: /home/jensy/Labs/scenarios/junior/J03/vars/resolve.yml for admin01

TASK [Seleccionar elementos aleatorios de conectividad J03] ********************
ok: [admin01]

TASK [Resolver variables globales de red (configuración)] **********************
ok: [admin01]

TASK [Resolver variables globales de red (URLs y comandos)] ********************
ok: [admin01]

TASK [Seleccionar variante del incidente de conectividad] **********************
ok: [admin01]

TASK [Marcar resolución J03 completada] ****************************************
ok: [admin01]

TASK [3. Cargar datos del ticket específico] ***********************************
ok: [admin01]

TASK [4. Publicar variante global] *********************************************
ok: [admin01]

PLAY [J03 | Propagar variables globales de red] ********************************

TASK [Gathering Facts] *********************************************************
ok: [admin01]
ok: [client01]
ok: [web01]

TASK [Sincronizar variables DESDE admin01] *************************************
skipping: [admin01]
ok: [web01]
ok: [client01]

PLAY [J03 | Crear baseline FUNCIONAL en web01] *********************************

TASK [Gathering Facts] *********************************************************
ok: [web01]

TASK [Instalar servicio web según variante] ************************************
changed: [web01]

TASK [Asegurar puerto libre antes de configurar] *******************************
ok: [web01]

TASK [Configurar puerto nginx (8443)] ******************************************
skipping: [web01]

TASK [Configurar puerto httpd (8443)] ******************************************
changed: [web01]

TASK [Iniciar y habilitar servicio web] ****************************************
changed: [web01]

TASK [Configurar IP correcta 192.168.122.22/24 (baseline)] *********************
changed: [web01]

TASK [Activar interfaz de red] *************************************************
changed: [web01]

TASK [Abrir puerto en firewalld (baseline FUNCIONAL)] **************************
changed: [web01]

TASK [Alternativa - Abrir servicio firewalld] **********************************
changed: [web01]

TASK [Verificar conectividad baseline DESDE client01] **************************
FAILED - RETRYING: [web01 -> client01]: Verificar conectividad baseline DESDE client01 (3 retries left).
FAILED - RETRYING: [web01 -> client01]: Verificar conectividad baseline DESDE client01 (2 retries left).
FAILED - RETRYING: [web01 -> client01]: Verificar conectividad baseline DESDE client01 (1 retries left).
[ERROR]: Task failed: Module failed: Status code was 403 and not [200]: HTTP Error 403: Forbidden
Origin: /home/jensy/Labs/scenarios/junior/J03/tasks/base.yml:118:3

116     executable: /bin/bash
117
118 - name: Verificar conectividad baseline DESDE client01
      ^ column 3

fatal: [web01 -> client01(192.168.122.21)]: FAILED! => {"accept_ranges": "bytes", "attempts": 3, "changed": false, "connection": "close", "content_length": "5909", "content_type": "text/html; charset=UTF-8", "date": "Fri, 09 Jan 2026 21:04:12 GMT", "elapsed": 0, "etag": "\"1715-5c91ee59c9780\"", "last_modified": "Mon, 09 Aug 2021 11:43:42 GMT", "msg": "Status code was 403 and not [200]: HTTP Error 403: Forbidden", "redirected": false, "server": "Apache/2.4.62 (Red Hat Enterprise Linux)", "status": 403, "url": "http://192.168.122.22:8443"}

PLAY RECAP *********************************************************************
admin01                    : ok=12   changed=2    unreachable=0    failed=0    skipped=1    rescued=0    ignored=0   
client01                   : ok=4    changed=2    unreachable=0    failed=0    skipped=0    rescued=0    ignored=0   
web01                      : ok=13   changed=9    unreachable=0    failed=1    skipped=1    rescued=0    ignored=0   

