
PLAY [J03 | Resolve variables del escenario] ***********************************

TASK [Resolver variables J03] **************************************************
included: /home/jensy/Labs/scenarios/junior/J03/vars/resolve.yml for admin01

TASK [J03 | Cargar variables base del escenario] *******************************
ok: [admin01]

TASK [J03 | Resolver parámetros aleatorios del escenario] **********************
ok: [admin01]

TASK [J03 | Construir variables derivadas de contexto] *************************
ok: [admin01]

TASK [ASSERT | variants debe ser una lista] ************************************
ok: [admin01] => {
    "changed": false,
    "msg": "All assertions passed"
}

TASK [J03 | Seleccionar variante del incidente] ********************************
ok: [admin01]

TASK [J03 | Marcar resolución del escenario como completada] *******************
ok: [admin01]

PLAY [J03 | Propagar variables globales] ***************************************

TASK [Obtener variable del admin01] ********************************************
ok: [admin01]

PLAY [J03 | Aplicar baselines canónicos] ***************************************

TASK [Baseline | Usuarios corporativos] ****************************************
included: /home/jensy/Labs/scenarios/baselines/users.yml for admin01, web01, client01

TASK [USERS | Crear grupo sysadmin] ********************************************
ok: [web01]
ok: [admin01]
ok: [client01]

TASK [USERS | Crear usuario sysadmin] ******************************************
ok: [admin01]
ok: [client01]
ok: [web01]

TASK [USERS | Configurar sudo sin password] ************************************
ok: [web01]
ok: [client01]
ok: [admin01]

TASK [Baseline | Red funcional] ************************************************
included: /home/jensy/Labs/scenarios/baselines/network.yml for admin01, web01, client01

TASK [NETWORK | Recolectar facts de red] ***************************************
ok: [web01]
ok: [admin01]
ok: [client01]

TASK [NETWORK | NetworkManager instalado] **************************************
ok: [admin01]
ok: [client01]
ok: [web01]

TASK [NETWORK | NetworkManager activo] *****************************************
ok: [admin01]
ok: [client01]
ok: [web01]

TASK [NETWORK | Estado de interfaces (informativo)] ****************************
ok: [admin01]
ok: [web01]
ok: [client01]

TASK [NETWORK | Verificar conectividad IPv4 básica] ****************************
ok: [admin01] => {
    "changed": false,
    "msg": "✓ Conectividad IPv4 detectada (192.168.122.20)"
}
ok: [web01] => {
    "changed": false,
    "msg": "✓ Conectividad IPv4 detectada (192.168.122.22)"
}
ok: [client01] => {
    "changed": false,
    "msg": "✓ Conectividad IPv4 detectada (192.168.122.21)"
}

TASK [NETWORK | Paquetes de diagnóstico instalados] ****************************
ok: [client01]
ok: [admin01]
ok: [web01]

TASK [Baseline | Acceso SSH] ***************************************************
included: /home/jensy/Labs/scenarios/baselines/ssh.yml for admin01, web01, client01

TASK [SSH | OpenSSH instalado] *************************************************
ok: [web01]
ok: [client01]
ok: [admin01]

TASK [SSH | Servicio activo] ***************************************************
ok: [admin01]
ok: [web01]
ok: [client01]

TASK [Baseline | Servicio Web] *************************************************
skipping: [admin01]
skipping: [client01]
included: /home/jensy/Labs/scenarios/baselines/web.yml for web01

TASK [WEB | Verificar si el escenario requiere servicio web] *******************
ok: [web01]

TASK [WEB | Mostrar aviso si web no aplica] ************************************
skipping: [web01]

TASK [WEB | Recolectar facts del sistema] **************************************
ok: [web01]

TASK [WEB | Instalar servicio web] *********************************************
changed: [web01]

TASK [WEB | Detener servicio] **************************************************
ok: [web01]

TASK [WEB | Configurar puerto nginx (conf.d)] **********************************
skipping: [web01]

TASK [WEB | Configurar puerto httpd] *******************************************
changed: [web01]

TASK [WEB | Crear página web canónica] *****************************************
changed: [web01]

TASK [WEB | Iniciar y habilitar servicio] **************************************
changed: [web01]

TASK [WEB | Validar servicio web local] ****************************************
ok: [web01]

TASK [Baseline | Firewall limpio] **********************************************
skipping: [admin01]
skipping: [client01]
included: /home/jensy/Labs/scenarios/baselines/firewall.yml for web01

TASK [FIREWALL | Instalar firewalld] *******************************************
ok: [web01]

TASK [FIREWALL | Iniciar y habilitar firewalld] ********************************
ok: [web01]

TASK [FIREWALL | Verificar estado del servicio] ********************************
ok: [web01]

TASK [FIREWALL | Obtener zona por defecto] *************************************
ok: [web01]

TASK [FIREWALL | Obtener zonas activas] ****************************************
ok: [web01]

PLAY [J03 | Inyectar incidente] ************************************************

TASK [Ejecutar variante seleccionada] ******************************************
included: /home/jensy/Labs/scenarios/junior/J03/inject/variant_1.yml for web01

TASK [V1 | Backup zona firewalld actual] ***************************************
[ERROR]: Task failed: Module failed: Source /etc/firewalld/zones/external.xml not found
Origin: /home/jensy/Labs/scenarios/junior/J03/inject/variant_1.yml:23:3

21 # 1. Backup configuración firewalld (reversible, silencioso)
22 # ------------------------------------------------------------------------------
23 - name: V1 | Backup zona firewalld actual
     ^ column 3

fatal: [web01]: FAILED! => {"changed": false, "msg": "Source /etc/firewalld/zones/external.xml not found"}
...ignoring

TASK [V1 | Remover servicios web conocidos (ruido diagnóstico)] ****************
[ERROR]: Task failed: Finalization of task args for 'ansible.builtin.shell' failed: Error while resolving value for '_raw_params': 'global_firewall_service' is undefined

Task failed.
Origin: /home/jensy/Labs/scenarios/junior/J03/inject/variant_1.yml:37:3

35 # 2. Ruido secundario: remover servicios conocidos
36 # ------------------------------------------------------------------------------
37 - name: V1 | Remover servicios web conocidos (ruido diagnóstico)
     ^ column 3

<<< caused by >>>

Finalization of task args for 'ansible.builtin.shell' failed.
Origin: /home/jensy/Labs/scenarios/junior/J03/inject/variant_1.yml:38:3

36 # ------------------------------------------------------------------------------
37 - name: V1 | Remover servicios web conocidos (ruido diagnóstico)
38   shell: |
     ^ column 3

<<< caused by >>>

Error while resolving value for '_raw_params': 'global_firewall_service' is undefined
Origin: /home/jensy/Labs/scenarios/junior/J03/inject/variant_1.yml:38:10

36 # ------------------------------------------------------------------------------
37 - name: V1 | Remover servicios web conocidos (ruido diagnóstico)
38   shell: |
            ^ column 10

fatal: [web01]: FAILED! => {"changed": false, "msg": "Task failed: Finalization of task args for 'ansible.builtin.shell' failed: Error while resolving value for '_raw_params': 'global_firewall_service' is undefined"}

PLAY RECAP *********************************************************************
admin01                    : ok=22   changed=0    unreachable=0    failed=0    skipped=2    rescued=0    ignored=0   
client01                   : ok=14   changed=0    unreachable=0    failed=0    skipped=2    rescued=0    ignored=0   
web01                      : ok=31   changed=4    unreachable=0    failed=1    skipped=2    rescued=0    ignored=1   

