
PLAY [J01 - Orquestador de variantes de redes] *********************************

TASK [Elegir variante aleatoriamente] ******************************************
ok: [web01]

TASK [Debug - Verificar variante seleccionada] *********************************
ok: [web01] => {
    "global_selected_variant": "variant_2.yml"
}

TASK [Mostrar comandos de prueba desde CLIENT01 (solo VARIANT_2)] **************
ok: [web01] => {
    "msg": [
        "======================================================",
        "📌 Comandos de prueba recomendados para VARIANT_2:",
        "======================================================",
        "traceroute -n 192.168.122.50",
        "ping -c 4 192.168.122.50",
        "curl http://192.168.122.50",
        "mysql -h 192.168.122.60 -u root -p",
        "======================================================"
    ]
}

TASK [Mostrar ticket con estilo caja] ******************************************
ok: [web01] => {
    "msg": [
        "========================================================================",
        "|                  J01 – Laboratorio de Redes                           |",
        "-------------------------------------------------------------------------",
        "| Jensy, recuerda que Linux es un ecosistema interconectado             |",
        "| - Clientes, servidores, firewalls interactúan.                        |",
        "| - Un fallo en la conectividad no siempre significa un servicio caído. |",
        "| - Diferencia protocolos y evalúa el impacto antes de actuar.          |",
        "========================================================================="
    ]
}

TASK [Mostrar comandos de prueba desde CLIENT01 (solo VARIANT_2)] **************
ok: [web01] => {
    "msg": [
        "======================================================",
        "📌 Comandos de prueba recomendados para VARIANT_2:",
        "======================================================",
        "traceroute -n 192.168.122.50",
        "ping -c 4 192.168.122.50",
        "curl http://192.168.122.50",
        "mysql -h 192.168.122.60 -u root -p",
        "======================================================"
    ]
}

TASK [Esperar que el usuario presione Enter] ***********************************
