
PLAY [J01 - Orquestador de variantes de redes] *********************************

TASK [Elegir variante aleatoriamente] ******************************************
ok: [localhost]

TASK [Debug - Verificar variante seleccionada] *********************************
ok: [localhost] => {
    "global_selected_variant": "variant_1.yml"
}

TASK [Mostrar ticket con estilo caja] ******************************************
ok: [localhost] => {
    "msg": [
        "========================================================================",
        "|                  J01 – Laboratorio de Redes                           |",
        "-------------------------------------------------------------------------",
        "| Junior, recuerda que Linux es un ecosistema interconectado            |",
        "| - Clientes, servidores, firewalls interactúan.                        |",
        "| - Un fallo en la conectividad no siempre significa un servicio caído. |",
        "| - Diferencia protocolos y evalúa el impacto antes de actuar.          |",
        "========================================================================="
    ]
}

TASK [Esperar que el usuario presione Enter] ***********************************
[[[K[Esperar que el usuario presione Enter]
Presiona ENTER para continuar...:
ok: [localhost]

TASK [Ejecutar la variante seleccionada] ***************************************
included: /home/jensy/Labs/scenarios/junior/J01/variant_1.yml for localhost

TASK [Asegurar que firewalld esté activo en web servers] ***********************
[ERROR]: Task failed: Failed to connect to the host via ssh: ssh: Could not resolve hostname web: Name or service not known
Origin: /home/jensy/Labs/scenarios/junior/J01/variant_1.yml:48:3

46 # ==============================================================================
47
48 - name: Asegurar que firewalld esté activo en web servers
     ^ column 3

fatal: [localhost -> web]: UNREACHABLE! => {"changed": false, "msg": "Task failed: Failed to connect to the host via ssh: ssh: Could not resolve hostname web: Name or service not known", "unreachable": true}

PLAY RECAP *********************************************************************
localhost                  : ok=5    changed=0    unreachable=1    failed=0    skipped=0    rescued=0    ignored=0   

