
PLAY [J01 - Orquestador de variantes de redes] *********************************

TASK [Elegir una variante aleatoriamente] **************************************
ok: [localhost]

TASK [Mostrar mensaje filosófico Linux al junior] ******************************
ok: [localhost] => {
    "msg": "J01 – Laboratorio de Redes\n--------------------------\nJunior, recuerda que en Linux todo es un ecosistema interconectado:\n- Clientes, servidores, firewalls y servicios interactúan constantemente.\n- Un fallo en la conectividad no siempre significa un servicio caído.\n- Diferencia protocolos (ICMP, TCP, UDP) y observa qué sigue funcionando.\n- Evalúa impacto en aplicaciones y usuarios antes de tomar decisiones.\n- Documenta, analiza patrones y reflexiona sobre el “por qué” antes de ejecutar cualquier acción correctiva.\n\nEste laboratorio pondrá a prueba tu capacidad de pensar como un sysadmin senior.\nNo se te dará pistas sobre qué componente está fallando; tu tarea es observar\nel ecosistema y aplicar pensamiento crítico.\n"
}

TASK [Esperar que el usuario presione Enter para continuar] ********************
[[[K[[[K[Esperar que el usuario presione Enter para continuar]
Presiona ENTER para continuar con la siguiente tarea...:
Press 'C' to continue the play or 'A' to abort 
ok: [localhost]

TASK [Ejecutar la variante seleccionada] ***************************************
included: /home/jensy/Labs/scenarios/junior/J01/variant_2.yml for localhost

TASK [V2 | Detectar interfaz activa automáticamente] ***************************
[ERROR]: Task failed: Premature end of stream waiting for become success.
>>> Standard Error
sudo: uma senha é necessária
Origin: /home/jensy/Labs/scenarios/junior/J01/variant_2.yml:24:3

22 # 0. Detectar interfaz activa y asignar variables NMCLI
23 # ------------------------------------------------------------------------------
24 - name: V2 | Detectar interfaz activa automáticamente
     ^ column 3

fatal: [localhost]: FAILED! => {"changed": false, "msg": "Task failed: Premature end of stream waiting for become success.\n>>> Standard Error\nsudo: uma senha é necessária"}

PLAY RECAP *********************************************************************
localhost                  : ok=4    changed=0    unreachable=0    failed=1    skipped=0    rescued=0    ignored=0   

