
PLAY [J02 - Orquestador de variantes de Firewalld y SELinux] *******************

TASK [Elegir variante aleatoriamente] ******************************************
ok: [web01]

TASK [Debug - Verificar variante seleccionada] *********************************
ok: [web01] => {
    "global_selected_variant": "variant_1.yml"
}

TASK [Ejecutar la variante seleccionada] ***************************************
included: /home/jensy/Labs/scenarios/junior/J02/variant_1.yml for web01

TASK [[VARIANT_FW_HTTP] Detectar zona activa de firewalld] *********************
ok: [web01]

TASK [[VARIANT_FW_HTTP] Extraer zona activa] ***********************************
ok: [web01]

TASK [[VARIANT_FW_HTTP] Verificar puertos antes de bloquear HTTP] **************
ok: [web01]

TASK [[VARIANT_FW_HTTP] Bloquear puerto 80/tcp en firewalld] *******************
changed: [web01]

TASK [[VARIANT_FW_HTTP] Recargar firewalld para aplicar cambios] ***************
changed: [web01]

TASK [[VARIANT_FW_HTTP] Verificar puertos después de bloquear HTTP] ************
ok: [web01]

TASK [[VARIANT_FW_HTTP] Debug: mostrar puertos antes y después] ****************
ok: [web01] => {
    "msg": [
        "Puertos antes de bloquear HTTP: 443/tcp 3306/tcp",
        "Puertos después de bloquear HTTP: 443/tcp 3306/tcp"
    ]
}

PLAY RECAP *********************************************************************
web01                      : ok=10   changed=2    unreachable=0    failed=0    skipped=0    rescued=0    ignored=0   

