
PLAY [J03 | Crear usuario corporativo] *****************************************

TASK [Crear usuario sysadmin-junior] *******************************************
changed: [client01]
changed: [admin01]
changed: [web01]

TASK [Configurar sudo sin password] ********************************************
ok: [client01]
ok: [admin01]
ok: [web01]

PLAY [J03 | Configuración inicial y randomización] *****************************

TASK [1. Cargar catálogos de red J03] ******************************************
ok: [admin01]

TASK [2. Resolver variables de conectividad (puerto, interface, IP...)] ********
included: /home/jensy/Labs/scenarios/junior/J03/vars/resolve.yml for admin01

TASK [Seleccionar elementos aleatorios de conectividad J03] ********************
ok: [admin01]

TASK [Resolver variables globales de red (configuración)] **********************
ok: [admin01]

TASK [Resolver variables globales de red (URLs y comandos)] ********************
ok: [admin01]

TASK [Seleccionar variante del incidente de conectividad] **********************
ok: [admin01]

TASK [Marcar resolución J03 completada] ****************************************
ok: [admin01]

TASK [3. Cargar datos del ticket específico] ***********************************
ok: [admin01]

TASK [4. Publicar variante global] *********************************************
ok: [admin01]

PLAY [J03 | Propagar variables globales de red] ********************************

TASK [Gathering Facts] *********************************************************
ok: [client01]
ok: [web01]
ok: [admin01]

TASK [Sincronizar variables DESDE admin01] *************************************
skipping: [admin01]
ok: [web01]
ok: [client01]

PLAY [J03 | Crear baseline FUNCIONAL en web01] *********************************

TASK [Gathering Facts] *********************************************************
ok: [web01]

TASK [Instalar servicio web según variante] ************************************
ok: [web01]

TASK [Asegurar puerto libre antes de configurar] *******************************
changed: [web01]

TASK [Configurar puerto nginx (8080)] ******************************************
changed: [web01]

TASK [Configurar puerto httpd (8080)] ******************************************
skipping: [web01]

TASK [Crear página de prueba para baseline] ************************************
changed: [web01]

TASK [Asegurar permisos página de prueba] **************************************
ok: [web01]

TASK [Iniciar y habilitar servicio web] ****************************************
changed: [web01]

TASK [Configurar IP correcta 192.168.122.22/24 (baseline)] *********************
changed: [web01]

TASK [Activar interfaz de red] *************************************************
changed: [web01]

TASK [Abrir puerto en firewalld (baseline FUNCIONAL)] **************************
changed: [web01]

TASK [Alternativa - Abrir servicio firewalld] **********************************
changed: [web01]

TASK [Verificar conectividad baseline DESDE client01] **************************
ok: [web01 -> client01(192.168.122.21)]

TASK [Confirmar baseline OK (curl funciona)] ***********************************
ok: [web01] => {
    "msg": "✓ BASELINE OK: curl -I http://192.168.122.22:8080 --connect-timeout 5 responde desde client01 (8080)"
}

PLAY [J03 | Romper conectividad web01→client01] ********************************

TASK [Inyectar fallo específico de red] ****************************************
included: /home/jensy/Labs/scenarios/junior/J03/inject/variant_2.yml for web01

TASK [V2 | Backup conexión nmcli actual] ***************************************
changed: [web01]

TASK [V2 | DNS falso OK (confunde diagnóstico)] ********************************
changed: [web01]

TASK [V2 | CAMBIAR IP a 192.168.122.199 (CAUSA RAÍZ)] **************************
changed: [web01]

TASK [V2 | Métrica alta (confunde routing)] ************************************
changed: [web01]

TASK [V2 | Reiniciar conexión nmcli (aplicar IP errónea)] **********************
[ERROR]: Task failed: Module failed: non-zero return code
Origin: /home/jensy/Labs/scenarios/junior/J03/inject/variant_2.yml:99:3

97 # 5. Reiniciar conexión nmcli (aplicar cambios)
98 # ------------------------------------------------------------------------------
99 - name: V2 | Reiniciar conexión nmcli (aplicar IP errónea)
     ^ column 3

fatal: [web01]: FAILED! => {"changed": true, "cmd": "nmcli con down \"System eth0\" || true\nsleep 2\nnmcli con up \"System eth0\"\n", "delta": "0:00:02.084953", "end": "2026-01-09 18:27:54.326987", "msg": "non-zero return code", "rc": 4, "start": "2026-01-09 18:27:52.242034", "stderr": "Erro: “System eth0” não é uma conexão ativa.\nErro: não foi fornecida nenhuma conexão ativa.\nErro: Ativação da conexão falhou: No suitable device found for this connection (device enp1s0 not available because profile is not compatible with device (mismatching interface name)).", "stderr_lines": ["Erro: “System eth0” não é uma conexão ativa.", "Erro: não foi fornecida nenhuma conexão ativa.", "Erro: Ativação da conexão falhou: No suitable device found for this connection (device enp1s0 not available because profile is not compatible with device (mismatching interface name))."], "stdout": "", "stdout_lines": []}

PLAY RECAP *********************************************************************
admin01                    : ok=12   changed=1    unreachable=0    failed=0    skipped=1    rescued=0    ignored=0   
client01                   : ok=4    changed=1    unreachable=0    failed=0    skipped=0    rescued=0    ignored=0   
web01                      : ok=22   changed=13   unreachable=0    failed=1    skipped=1    rescued=0    ignored=0   

