
PLAY [J01 - Orquestador de variantes de redes] *********************************

TASK [Elegir una variante aleatoriamente] **************************************
ok: [localhost]

TASK [Mostrar ticket con estilo caja] ******************************************
ok: [localhost] => {
    "msg": [
        "========================================================================",
        "|                  J01 – Laboratorio de Redes                           |",
        "-------------------------------------------------------------------------",
        "| Junior, recuerda que Linux es un ecosistema interconectado            |",
        "| - Clientes, servidores, firewalls interactúan.                        |",
        "| - Un fallo en la conectividad no siempre significa un servicio caído. |",
        "| - Diferencia protocolos y evalúa el impacto antes de actuar.          |",
        "========================================================================="
    ]
}

TASK [Esperar que el usuario presione Enter para continuar] ********************
[[[K[Esperar que el usuario presione Enter para continuar]
Presiona ENTER para continuar con la siguiente tarea...:
ok: [localhost]

TASK [Ejecutar la variante seleccionada] ***************************************
included: /home/jensy/Labs/scenarios/junior/J01/variant_3.yml for localhost

TASK [V3 | Backup conexión nmcli] **********************************************
[ERROR]: Task failed: Finalization of task args for 'ansible.builtin.copy' failed: Error while resolving value for 'dest': 'global_interface' is undefined

Task failed.
Origin: /home/jensy/Labs/scenarios/junior/J01/variant_3.yml:54:3

52 # 1. Backup configuración nmcli (reversible)
53 # ------------------------------------------------------------------------------
54 - name: V3 | Backup conexión nmcli
     ^ column 3

<<< caused by >>>

Finalization of task args for 'ansible.builtin.copy' failed.
Origin: /home/jensy/Labs/scenarios/junior/J01/variant_3.yml:55:3

53 # ------------------------------------------------------------------------------
54 - name: V3 | Backup conexión nmcli
55   copy:
     ^ column 3

<<< caused by >>>

Error while resolving value for 'dest': 'global_interface' is undefined
Origin: /home/jensy/Labs/scenarios/junior/J01/variant_3.yml:57:11

55   copy:
56     src: "/etc/NetworkManager/system-connections/{{ global_interface }}.nmconnection"
57     dest: "/etc/NetworkManager/system-connections/{{ global_interface }}.nmconnection.j03v3backup"
             ^ column 11

fatal: [localhost]: FAILED! => {"changed": false, "msg": "Task failed: Finalization of task args for 'ansible.builtin.copy' failed: Error while resolving value for 'dest': 'global_interface' is undefined"}

PLAY RECAP *********************************************************************
localhost                  : ok=4    changed=0    unreachable=0    failed=1    skipped=0    rescued=0    ignored=0   

