
PLAY [J02 | Crear usuario corporativo] *****************************************

TASK [Crear usuario sysadmin-junior] *******************************************
changed: [admin01]
changed: [client01]
changed: [web01]

TASK [Configurar sudo sin password] ********************************************
changed: [admin01]
changed: [client01]
changed: [web01]

PLAY [J02 | Configuración inicial] *********************************************

TASK [Cargar variables principales] ********************************************
ok: [admin01]

TASK [Seleccionar elementos aleatorios para esta ejecución] ********************
ok: [admin01]

TASK [Seleccionar variante aleatoria] ******************************************
ok: [admin01]

TASK [Cargar datos de la variante] *********************************************
ok: [admin01]

TASK [Establecer variables globales de la ejecución] ***************************
[ERROR]: Task failed: Finalization of task args for 'ansible.builtin.set_fact' failed: Error while resolving value for 'global_variant': 'global_service_name' is undefined

Task failed.
Origin: /home/jensy/Labs/scenarios/junior/J02/J02.yml:64:7

62         name: ticket_data
63
64     - name: Establecer variables globales de la ejecución
         ^ column 7

<<< caused by >>>

Finalization of task args for 'ansible.builtin.set_fact' failed.
Origin: /home/jensy/Labs/scenarios/junior/J02/J02.yml:65:7

63
64     - name: Establecer variables globales de la ejecución
65       set_fact:
         ^ column 7

<<< caused by >>>

Error while resolving value for 'global_variant'.
Origin: /home/jensy/Labs/scenarios/junior/J02/J02.yml:68:25

66         global_service_name: "{{ current_service_name }}"
67         global_service_user: "{{ current_service_user }}"
68         global_variant: "{{ ticket_data.variant }}"
                           ^ column 25

<<< caused by >>>

'global_service_name' is undefined
Origin: /home/jensy/Labs/scenarios/junior/J02/tickets/variant_3.yml:6:16

4
5 variant:
6   description: |
                 ^ column 16

fatal: [admin01]: FAILED! => {"changed": false, "msg": "Task failed: Finalization of task args for 'ansible.builtin.set_fact' failed: Error while resolving value for 'global_variant': 'global_service_name' is undefined"}

PLAY RECAP *********************************************************************
admin01                    : ok=6    changed=2    unreachable=0    failed=1    skipped=0    rescued=0    ignored=0   
client01                   : ok=2    changed=2    unreachable=0    failed=0    skipped=0    rescued=0    ignored=0   
web01                      : ok=2    changed=2    unreachable=0    failed=0    skipped=0    rescued=0    ignored=0   

