
PLAY [J01 - Orquestador de variantes de redes] *********************************

TASK [Elegir variante aleatoriamente] ******************************************
ok: [web01]

TASK [Debug - Verificar variante seleccionada] *********************************
ok: [web01] => {
    "global_selected_variant": "variant_2.yml"
}

TASK [Mostrar comandos de prueba desde CLIENT01 (solo VARIANT_2)] **************
ok: [web01] => {
    "msg": [
        "======================================================",
        "📌 Comandos de prueba recomendados",
        "======================================================",
        "traceroute -n 192.168.122.50",
        "ping -c 4 192.168.122.50",
        "curl http://192.168.122.50",
        "mysql -h 192.168.122.60 -u root -p",
        "======================================================"
    ]
}

TASK [Mostrar ticket con estilo caja] ******************************************
ok: [web01] => {
    "msg": [
        "========================================================================",
        "|                  J01 – Laboratorio de Redes                           |",
        "-------------------------------------------------------------------------",
        "| Jensy, recuerda que Linux es un ecosistema interconectado             |",
        "| - Clientes, servidores, firewalls interactúan.                        |",
        "| - Un fallo en la conectividad no siempre significa un servicio caído. |",
        "| - Diferencia protocolos y evalúa el impacto antes de actuar.          |",
        "========================================================================="
    ]
}

TASK [Mostrar comandos de prueba desde CLIENT01 (solo VARIANT_2)] **************
ok: [web01] => {
    "msg": [
        "======================================================",
        "📌 Comandos de prueba recomendados para VARIANT_2:",
        "======================================================",
        "traceroute -n 192.168.122.50",
        "ping -c 4 192.168.122.50",
        "curl http://192.168.122.50",
        "mysql -h 192.168.122.60 -u root -p",
        "======================================================"
    ]
}

TASK [Esperar que el usuario presione Enter] ***********************************
[[[K[Esperar que el usuario presione Enter]
Presiona ENTER para continuar...:
ok: [web01]

TASK [Ejecutar la variante seleccionada] ***************************************
included: /home/jensy/Labs/scenarios/junior/J01/variant_2.yml for web01

TASK [[PREPARACIÓN] Asegurar firewalld activo] *********************************
ok: [web01]

TASK [[CONFIGURACIÓN] Bloquear ICMP tipo 11 (TTL exceeded) usando módulo firewalld] ***
[ERROR]: Task failed: Module failed: ERROR: Exception caught: INVALID_RULE: bad attribute 'icmp-type'
Origin: /home/jensy/Labs/scenarios/junior/J01/variant_2.yml:63:3

61     enabled: true
62
63 - name: "[CONFIGURACIÓN] Bloquear ICMP tipo 11 (TTL exceeded) usando módulo firewalld"
     ^ column 3

fatal: [web01]: FAILED! => {"changed": false, "msg": "ERROR: Exception caught: INVALID_RULE: bad attribute 'icmp-type'"}

PLAY RECAP *********************************************************************
web01                      : ok=8    changed=0    unreachable=0    failed=1    skipped=0    rescued=0    ignored=0   

